Archive member included to satisfy reference by file (symbol)

d:/nxp/mcuxpressoide_11.2.0_4120/ide/plugins/com.nxp.mcuxpresso.tools.win32_11.2.0.202001021529/tools/bin/../lib/gcc/arm-none-eabi/9.2.1/../../../../arm-none-eabi/lib/thumb/v7e-m+fp/hard\libcr_nohost_nf.a(_cr__main.o)
                              ./startup/startup_mk64f12.o (__main)
d:/nxp/mcuxpressoide_11.2.0_4120/ide/plugins/com.nxp.mcuxpresso.tools.win32_11.2.0.202001021529/tools/bin/../lib/gcc/arm-none-eabi/9.2.1/../../../../arm-none-eabi/lib/thumb/v7e-m+fp/hard\libcr_nohost_nf.a(_cr_assert.o)
                              ./source/MK64F12_Project_can_example.o (__assertion_failed)
d:/nxp/mcuxpressoide_11.2.0_4120/ide/plugins/com.nxp.mcuxpresso.tools.win32_11.2.0.202001021529/tools/bin/../lib/gcc/arm-none-eabi/9.2.1/../../../../arm-none-eabi/lib/thumb/v7e-m+fp/hard\libcr_nohost_nf.a(__ciob.o)
                              d:/nxp/mcuxpressoide_11.2.0_4120/ide/plugins/com.nxp.mcuxpresso.tools.win32_11.2.0.202001021529/tools/bin/../lib/gcc/arm-none-eabi/9.2.1/../../../../arm-none-eabi/lib/thumb/v7e-m+fp/hard\libcr_nohost_nf.a(_cr_assert.o) (__Ciob)
d:/nxp/mcuxpressoide_11.2.0_4120/ide/plugins/com.nxp.mcuxpresso.tools.win32_11.2.0.202001021529/tools/bin/../lib/gcc/arm-none-eabi/9.2.1/../../../../arm-none-eabi/lib/thumb/v7e-m+fp/hard\libcr_nohost_nf.a(__sys_appexit.o)
                              d:/nxp/mcuxpressoide_11.2.0_4120/ide/plugins/com.nxp.mcuxpresso.tools.win32_11.2.0.202001021529/tools/bin/../lib/gcc/arm-none-eabi/9.2.1/../../../../arm-none-eabi/lib/thumb/v7e-m+fp/hard\libcr_nohost_nf.a(_cr_assert.o) (__sys_appexit)
d:/nxp/mcuxpressoide_11.2.0_4120/ide/plugins/com.nxp.mcuxpresso.tools.win32_11.2.0.202001021529/tools/bin/../lib/gcc/arm-none-eabi/9.2.1/../../../../arm-none-eabi/lib/thumb/v7e-m+fp/hard\libcr_c.a(memcpy.o)
                              ./utilities/fsl_str.o (memcpy)
d:/nxp/mcuxpressoide_11.2.0_4120/ide/plugins/com.nxp.mcuxpresso.tools.win32_11.2.0.202001021529/tools/bin/../lib/gcc/arm-none-eabi/9.2.1/../../../../arm-none-eabi/lib/thumb/v7e-m+fp/hard\libcr_c.a(memset.o)
                              ./utilities/fsl_debug_console.o (memset)
d:/nxp/mcuxpressoide_11.2.0_4120/ide/plugins/com.nxp.mcuxpresso.tools.win32_11.2.0.202001021529/tools/bin/../lib/gcc/arm-none-eabi/9.2.1/../../../../arm-none-eabi/lib/thumb/v7e-m+fp/hard\libcr_c.a(_deferredlazyseek.o)
                              d:/nxp/mcuxpressoide_11.2.0_4120/ide/plugins/com.nxp.mcuxpresso.tools.win32_11.2.0.202001021529/tools/bin/../lib/gcc/arm-none-eabi/9.2.1/../../../../arm-none-eabi/lib/thumb/v7e-m+fp/hard\libcr_nohost_nf.a(_cr_assert.o) (__flsbuf)
d:/nxp/mcuxpressoide_11.2.0_4120/ide/plugins/com.nxp.mcuxpresso.tools.win32_11.2.0.202001021529/tools/bin/../lib/gcc/arm-none-eabi/9.2.1/../../../../arm-none-eabi/lib/thumb/v7e-m+fp/hard\libcr_c.a(_fflush.o)
                              d:/nxp/mcuxpressoide_11.2.0_4120/ide/plugins/com.nxp.mcuxpresso.tools.win32_11.2.0.202001021529/tools/bin/../lib/gcc/arm-none-eabi/9.2.1/../../../../arm-none-eabi/lib/thumb/v7e-m+fp/hard\libcr_c.a(_deferredlazyseek.o) (_fflush)
d:/nxp/mcuxpressoide_11.2.0_4120/ide/plugins/com.nxp.mcuxpresso.tools.win32_11.2.0.202001021529/tools/bin/../lib/gcc/arm-none-eabi/9.2.1/../../../../arm-none-eabi/lib/thumb/v7e-m+fp/hard\libcr_c.a(_writebuf.o)
                              d:/nxp/mcuxpressoide_11.2.0_4120/ide/plugins/com.nxp.mcuxpresso.tools.win32_11.2.0.202001021529/tools/bin/../lib/gcc/arm-none-eabi/9.2.1/../../../../arm-none-eabi/lib/thumb/v7e-m+fp/hard\libcr_c.a(_deferredlazyseek.o) (_Cwritebuf)
d:/nxp/mcuxpressoide_11.2.0_4120/ide/plugins/com.nxp.mcuxpresso.tools.win32_11.2.0.202001021529/tools/bin/../lib/gcc/arm-none-eabi/9.2.1/../../../../arm-none-eabi/lib/thumb/v7e-m+fp/hard\libcr_c.a(alloc.o)
                              ./drivers/fsl_common.o (malloc)
d:/nxp/mcuxpressoide_11.2.0_4120/ide/plugins/com.nxp.mcuxpresso.tools.win32_11.2.0.202001021529/tools/bin/../lib/gcc/arm-none-eabi/9.2.1/../../../../arm-none-eabi/lib/thumb/v7e-m+fp/hard\libcr_c.a(errno.o)
                              ./utilities/fsl_str.o (errno)
d:/nxp/mcuxpressoide_11.2.0_4120/ide/plugins/com.nxp.mcuxpresso.tools.win32_11.2.0.202001021529/tools/bin/../lib/gcc/arm-none-eabi/9.2.1/../../../../arm-none-eabi/lib/thumb/v7e-m+fp/hard\libcr_c.a(fputs.o)
                              d:/nxp/mcuxpressoide_11.2.0_4120/ide/plugins/com.nxp.mcuxpresso.tools.win32_11.2.0.202001021529/tools/bin/../lib/gcc/arm-none-eabi/9.2.1/../../../../arm-none-eabi/lib/thumb/v7e-m+fp/hard\libcr_nohost_nf.a(_cr_assert.o) (fputs)
d:/nxp/mcuxpressoide_11.2.0_4120/ide/plugins/com.nxp.mcuxpresso.tools.win32_11.2.0.202001021529/tools/bin/../lib/gcc/arm-none-eabi/9.2.1/../../../../arm-none-eabi/lib/thumb/v7e-m+fp/hard\libcr_c.a(fseek.o)
[...]
Memory Configuration

Name             Origin             Length             Attributes
PROGRAM_FLASH    0x00000000         0x00100000         xr
SRAM_UPPER       0x20000000         0x00030000         xrw
SRAM_LOWER       0x1fff0000         0x00010000         xrw
FLEX_RAM         0x14000000         0x00001000         xrw
*default*        0x00000000         0xffffffff

Linker script and memory map

LOAD ./utilities/fsl_debug_console.o
LOAD ./utilities/fsl_str.o
LOAD ./startup/startup_mk64f12.o
LOAD ./source/MK64F12_Project_can_example.o
LOAD ./source/semihost_hardfault.o
LOAD ./freertos/freertos_kernel/portable/MemMang/heap_4.o
LOAD ./freertos/freertos_kernel/portable/GCC/ARM_CM4F/port.o
LOAD ./freertos/freertos_kernel/croutine.o
LOAD ./freertos/freertos_kernel/event_groups.o
LOAD ./freertos/freertos_kernel/list.o
LOAD ./freertos/freertos_kernel/queue.o
LOAD ./freertos/freertos_kernel/stream_buffer.o
LOAD ./freertos/freertos_kernel/tasks.o
LOAD ./freertos/freertos_kernel/timers.o
LOAD ./drivers/fsl_adc16.o
LOAD ./drivers/fsl_clock.o
LOAD ./drivers/fsl_common.o
LOAD ./drivers/fsl_flexcan.o
LOAD ./drivers/fsl_gpio.o
LOAD ./drivers/fsl_i2c.o
LOAD ./drivers/fsl_smc.o
LOAD ./drivers/fsl_uart.o
LOAD ./device/system_MK64F12.o
LOAD ./component/uart/fsl_adapter_uart.o
LOAD ./component/serial_manager/fsl_component_serial_manager.o
LOAD ./component/serial_manager/fsl_component_serial_port_uart.o
LOAD ./component/lists/fsl_component_generic_list.o
LOAD ./board/board.o
LOAD ./board/clock_config.o
LOAD ./board/peripherals.o
LOAD ./board/pin_mux.o
START GROUP
LOAD d:/nxp/mcuxpressoide_11.2.0_4120/ide/plugins/com.nxp.mcuxpresso.tools.win32_11.2.0.202001021529/tools/bin/../lib/gcc/arm-none-eabi/9.2.1/../../../../arm-none-eabi/lib/thumb/v7e-m+fp/hard\libcr_nohost_nf.a
LOAD d:/nxp/mcuxpressoide_11.2.0_4120/ide/plugins/com.nxp.mcuxpresso.tools.win32_11.2.0.202001021529/tools/bin/../lib/gcc/arm-none-eabi/9.2.1/../../../../arm-none-eabi/lib/thumb/v7e-m+fp/hard\libcr_c.a
LOAD d:/nxp/mcuxpressoide_11.2.0_4120/ide/plugins/com.nxp.mcuxpresso.tools.win32_11.2.0.202001021529/tools/bin/../lib/gcc/arm-none-eabi/9.2.1/thumb/v7e-m+fp/hard\libcr_eabihelpers.a
LOAD d:/nxp/mcuxpressoide_11.2.0_4120/ide/plugins/com.nxp.mcuxpresso.tools.win32_11.2.0.202001021529/tools/bin/../lib/gcc/arm-none-eabi/9.2.1/thumb/v7e-m+fp/hard\libgcc.a
END GROUP
                0x00000000                __base_PROGRAM_FLASH = 0x0
                0x00000000                __base_Flash = 0x0
                0x00100000                __top_PROGRAM_FLASH = 0x100000
                0x00100000                __top_Flash = 0x100000
                0x20000000                __base_SRAM_UPPER = 0x20000000
                0x20000000                __base_RAM = 0x20000000
                0x20030000                __top_SRAM_UPPER = 0x20030000
                0x20030000                __top_RAM = 0x20030000
                0x1fff0000                __base_SRAM_LOWER = 0x1fff0000
                0x1fff0000                __base_RAM2 = 0x1fff0000
                0x20000000                __top_SRAM_LOWER = 0x20000000
                0x20000000                __top_RAM2 = 0x20000000
                0x14000000                __base_FLEX_RAM = 0x14000000
                0x14000000                __base_RAM3 = 0x14000000
                0x14001000                __top_FLEX_RAM = 0x14001000
                0x14001000                __top_RAM3 = 0x14001000

.text           0x00000000     0x8520
 FILL mask 0xff
                0x00000000                __vectors_start__ = ABSOLUTE (.)
 *(SORT_BY_ALIGNMENT(.isr_vector))
 .isr_vector    0x00000000      0x198 ./startup/startup_mk64f12.o
                0x00000000                g_pfnVectors
                0x00000000                __Vectors
                0x00000198                . = ALIGN (0x4)
                0x00000198                __section_table_start = .
                0x00000198                __data_section_table = .
                0x00000198        0x4 LONG 0x8520 LOADADDR (.data)
                0x0000019c        0x4 LONG 0x20000000 ADDR (.data)
                0x000001a0        0x4 LONG 0x18 SIZEOF (.data)
                0x000001a4        0x4 LONG 0x8520 LOADADDR (.data_RAM2)
                0x000001a8        0x4 LONG 0x1fff0000 ADDR (.data_RAM2)
                0x000001ac        0x4 LONG 0x0 SIZEOF (.data_RAM2)
                0x000001b0        0x4 LONG 0x8520 LOADADDR (.data_RAM3)
                0x000001b4        0x4 LONG 0x14000000 ADDR (.data_RAM3)
                0x000001b8        0x4 LONG 0x0 SIZEOF (.data_RAM3)
                0x000001bc                __data_section_table_end = .
                0x000001bc                __bss_section_table = .
                0x000001bc        0x4 LONG 0x20000018 ADDR (.bss)
                0x000001c0        0x4 LONG 0x2bd0 SIZEOF (.bss)
                0x000001c4        0x4 LONG 0x1fff0000 ADDR (.bss_RAM2)
                0x000001c8        0x4 LONG 0x0 SIZEOF (.bss_RAM2)
                0x000001cc        0x4 LONG 0x14000000 ADDR (.bss_RAM3)
                0x000001d0        0x4 LONG 0x0 SIZEOF (.bss_RAM3)
                0x000001d4                __bss_section_table_end = .
                0x000001d4                __section_table_end = .
 *(SORT_BY_ALIGNMENT(.after_vectors*))
 .after_vectors.reset
                0x000001d4       0x4c ./startup/startup_mk64f12.o
                0x000001d4                ResetISR
 .after_vectors.init_data
                0x00000220       0x1e ./startup/startup_mk64f12.o
                0x00000220                data_init
 .after_vectors.init_bss
                0x0000023e       0x12 ./startup/startup_mk64f12.o
                0x0000023e                bss_init
 .after_vectors
                0x00000250       0x14 ./startup/startup_mk64f12.o
                0x00000250                NMI_Handler
                0x00000254                MemManage_Handler
                0x00000256                BusFault_Handler
                0x00000258                UsageFault_Handler
                0x0000025c                DebugMon_Handler
                0x00000262                LPTMR0_DriverIRQHandler
                0x00000262                DMA_Error_DriverIRQHandler
                0x00000262                SPI1_DriverIRQHandler
                0x00000262                FTM1_DriverIRQHandler
                0x00000262                FTM2_DriverIRQHandler
                0x00000262                PIT2_DriverIRQHandler
                0x00000262                SDHC_DriverIRQHandler
                0x00000262                I2S0_Tx_DriverIRQHandler
                0x00000262                RTC_Seconds_DriverIRQHandler
                0x00000262                DMA6_DriverIRQHandler
                0x00000262                LLWU_DriverIRQHandler
                0x00000262                MCM_DriverIRQHandler
                0x00000262                MCG_DriverIRQHandler
                0x00000262                ENET_1588_Timer_DriverIRQHandler
                0x00000262                DAC1_DriverIRQHandler
                0x00000262                DMA12_DriverIRQHandler
                0x00000262                CMP1_DriverIRQHandler
                0x00000262                FTM0_DriverIRQHandler
                0x00000262                IntDefaultHandler
                0x00000262                USB0_DriverIRQHandler
                0x00000262                UART5_ERR_DriverIRQHandler
                0x00000262                PORTC_DriverIRQHandler
                0x00000262                DMA11_DriverIRQHandler
                0x00000262                DAC0_DriverIRQHandler
                0x00000262                DMA10_DriverIRQHandler
                0x00000262                CMP2_DriverIRQHandler
                0x00000262                UART2_ERR_DriverIRQHandler
                0x00000262                SPI2_DriverIRQHandler
                0x00000262                LVD_LVW_DriverIRQHandler
                0x00000262                PIT0_DriverIRQHandler
                0x00000262                PORTB_DriverIRQHandler
                0x00000262                DMA5_DriverIRQHandler
                0x00000262                DMA4_DriverIRQHandler
                0x00000262                USBDCD_DriverIRQHandler
                0x00000262                UART3_ERR_DriverIRQHandler
                0x00000262                DMA3_DriverIRQHandler
                0x00000262                DMA8_DriverIRQHandler
                0x00000262                DMA9_DriverIRQHandler
                0x00000262                UART0_ERR_DriverIRQHandler
                0x00000262                CMT_DriverIRQHandler
                0x00000262                Reserved71_DriverIRQHandler
                0x00000262                ADC1_DriverIRQHandler
                0x00000262                PORTA_DriverIRQHandler
                0x00000262                DMA14_DriverIRQHandler
                0x00000262                PIT3_DriverIRQHandler
                0x00000262                PIT1_DriverIRQHandler
                0x00000262                WDOG_EWM_DriverIRQHandler
                0x00000262                PDB0_DriverIRQHandler
                0x00000262                RTC_DriverIRQHandler
                0x00000262                I2S0_Rx_DriverIRQHandler
                0x00000262                Read_Collision_DriverIRQHandler
                0x00000262                SWI_DriverIRQHandler
                0x00000262                UART4_ERR_DriverIRQHandler
                0x00000262                DMA0_DriverIRQHandler
                0x00000262                UART0_LON_DriverIRQHandler
                0x00000262                DMA1_DriverIRQHandler
                0x00000262                ENET_Receive_DriverIRQHandler
                0x00000262                DMA13_DriverIRQHandler
                0x00000262                ENET_Error_DriverIRQHandler
                0x00000262                DMA15_DriverIRQHandler
                0x00000262                SPI0_DriverIRQHandler
                0x00000262                ADC0_DriverIRQHandler
                0x00000262                CMP0_DriverIRQHandler
                0x00000262                FTM3_DriverIRQHandler
                0x00000262                RNG_DriverIRQHandler
                0x00000262                UART1_ERR_DriverIRQHandler
                0x00000262                DMA2_DriverIRQHandler
                0x00000262                ENET_Transmit_DriverIRQHandler
                0x00000262                PORTD_DriverIRQHandler
                0x00000262                PORTE_DriverIRQHandler
                0x00000262                FTFE_DriverIRQHandler
                0x00000262                DMA7_DriverIRQHandler
                0x00000400                . = 0x400
 *fill*         0x00000264      0x19c ff
                0x00000400                PROVIDE (__FLASH_CONFIG_START__ = .)
 *(SORT_BY_ALIGNMENT(.FlashConfig))
 .FlashConfig   0x00000400       0x10 ./startup/startup_mk64f12.o
                0x00000400                Flash_Config
                0x00000410                PROVIDE (__FLASH_CONFIG_END__ = .)
                0x00000001                ASSERT (! ((__FLASH_CONFIG_START__ == __FLASH_CONFIG_END__)), Linker Flash Config Support Enabled, but no .FlashConfig section provided within application)
 *(SORT_BY_ALIGNMENT(.text*))
 .text.SVC_Handler
                0x00000410       0x28 ./freertos/freertos_kernel/portable/GCC/ARM_CM4F/port.o
                0x00000410                SVC_Handler
 *fill*         0x00000438        0x8 ff
 .text.PendSV_Handler
                0x00000440       0x68 ./freertos/freertos_kernel/portable/GCC/ARM_CM4F/port.o
                0x00000440                PendSV_Handler
 .text.DbgConsole_SendDataReliable
                0x000004a8       0x50 ./utilities/fsl_debug_console.o
                0x000004a8                DbgConsole_SendDataReliable
 .text.DbgConsole_Init
                0x000004f8      0x118 ./utilities/fsl_debug_console.o
                0x000004f8                DbgConsole_Init
 .text.DbgConsole_Printf
                0x00000610       0x78 ./utilities/fsl_debug_console.o
                0x00000610                DbgConsole_Printf
 .text.ADC16_GetChannelConversionValue
                0x00000688       0x2c ./source/MK64F12_Project_can_example.o
 .text.get_adc_value
                0x000006b4       0x7c ./source/MK64F12_Project_can_example.o
                0x000006b4                get_adc_value
 .text.flexcan_callback
                0x00000730       0x68 ./source/MK64F12_Project_can_example.o
 .text.CAN_Init
                0x00000798       0xec ./source/MK64F12_Project_can_example.o
                0x00000798                CAN_Init
 .text.vTaskTx10ms
                0x00000884      0x138 ./source/MK64F12_Project_can_example.o
                0x00000884                vTaskTx10ms
 .text.vTaskTxKeepAlive
                0x000009bc       0x88 ./source/MK64F12_Project_can_example.o
                0x000009bc                vTaskTxKeepAlive
 .text.vTaskRx5ms
                0x00000a44       0x88 ./source/MK64F12_Project_can_example.o
                0x00000a44                vTaskRx5ms
 .text.main     0x00000acc       0xe0 ./source/MK64F12_Project_can_example.o
                0x00000acc                main
 .text.pvPortMalloc
                0x00000bac      0x198 ./freertos/freertos_kernel/portable/MemMang/heap_4.o
                0x00000bac                pvPortMalloc
 .text.vPortFree
                0x00000d44       0xc4 ./freertos/freertos_kernel/portable/MemMang/heap_4.o
                0x00000d44                vPortFree
 .text.prvHeapInit
                0x00000e08       0xc4 ./freertos/freertos_kernel/portable/MemMang/heap_4.o
 .text.prvInsertBlockIntoFreeList
                0x00000ecc       0xb4 ./freertos/freertos_kernel/portable/MemMang/heap_4.o
 .text.pxPortInitialiseStack
                0x00000f80       0x68 ./freertos/freertos_kernel/portable/GCC/ARM_CM4F/port.o
                0x00000f80                pxPortInitialiseStack
 .text.prvTaskExitError
                0x00000fe8       0x58 ./freertos/freertos_kernel/portable/GCC/ARM_CM4F/port.o
 .text.prvPortStartFirstTask
                0x00001040       0x28 ./freertos/freertos_kernel/portable/GCC/ARM_CM4F/port.o
 .text.xPortStartScheduler
                0x00001068      0x144 ./freertos/freertos_kernel/portable/GCC/ARM_CM4F/port.o
                0x00001068                xPortStartScheduler
 .text.vPortEnterCritical
                0x000011ac       0x60 ./freertos/freertos_kernel/portable/GCC/ARM_CM4F/port.o
                0x000011ac                vPortEnterCritical
 .text.vPortExitCritical
                0x0000120c       0x54 ./freertos/freertos_kernel/portable/GCC/ARM_CM4F/port.o
                0x0000120c                vPortExitCritical
 .text.SysTick_Handler
                0x00001260       0x44 ./freertos/freertos_kernel/portable/GCC/ARM_CM4F/port.o
                0x00001260                SysTick_Handler
 .text.vPortSetupTimerInterrupt
                0x000012a4       0x48 ./freertos/freertos_kernel/portable/GCC/ARM_CM4F/port.o
                0x000012a4                vPortSetupTimerInterrupt
 .text.vPortEnableVFP
                0x000012ec       0x14 ./freertos/freertos_kernel/portable/GCC/ARM_CM4F/port.o
 .text.vPortValidateInterruptPriority
                0x00001300       0x80 ./freertos/freertos_kernel/portable/GCC/ARM_CM4F/port.o
                0x00001300                vPortValidateInterruptPriority
 .text.xQueueGenericReset
                0x00001380       0xd0 ./freertos/freertos_kernel/queue.o
                0x00001380                xQueueGenericReset
 .text.xQueueGenericSend
                0x00001450      0x1fc ./freertos/freertos_kernel/queue.o
                0x00001450                xQueueGenericSend
 .text.xQueueReceive
                0x0000164c      0x1c0 ./freertos/freertos_kernel/queue.o
                0x0000164c                xQueueReceive
 .text.vQueueAddToRegistry
                0x0000180c       0x54 ./freertos/freertos_kernel/queue.o
                0x0000180c                vQueueAddToRegistry
 .text.prvAddNewTaskToReadyList
                0x00001860       0xdc ./freertos/freertos_kernel/tasks.o
 .text.vTaskDelayUntil
                0x0000193c       0xfc ./freertos/freertos_kernel/tasks.o
                0x0000193c                vTaskDelayUntil
 .text.vTaskStartScheduler
                0x00001a38       0x9c ./freertos/freertos_kernel/tasks.o
                0x00001a38                vTaskStartScheduler
 .text.vTaskSuspendAll
                0x00001ad4       0x1c ./freertos/freertos_kernel/tasks.o
                0x00001ad4                vTaskSuspendAll
 .text.xTaskResumeAll
                0x00001af0      0x138 ./freertos/freertos_kernel/tasks.o
                0x00001af0                xTaskResumeAll
 .text.xTaskGetTickCount
                0x00001c28       0x20 ./freertos/freertos_kernel/tasks.o
                0x00001c28                xTaskGetTickCount
 .text.xTaskIncrementTick
                0x00001c48      0x154 ./freertos/freertos_kernel/tasks.o
                0x00001c48                xTaskIncrementTick
 .text.vTaskSwitchContext
                0x00001d9c       0xb8 ./freertos/freertos_kernel/tasks.o
                0x00001d9c                vTaskSwitchContext
 .text.vTaskPlaceOnEventList
                0x00001e54       0x48 ./freertos/freertos_kernel/tasks.o
                0x00001e54                vTaskPlaceOnEventList
 .text.vTaskPlaceOnEventListRestricted
                0x00001e9c       0x58 ./freertos/freertos_kernel/tasks.o
                0x00001e9c                vTaskPlaceOnEventListRestricted
 .text.xTaskRemoveFromEventList
                0x00001ef4       0xc4 ./freertos/freertos_kernel/tasks.o
                0x00001ef4                xTaskRemoveFromEventList
 .text.vTaskInternalSetTimeOutState
                0x00001fb8       0x2c ./freertos/freertos_kernel/tasks.o
                0x00001fb8                vTaskInternalSetTimeOutState
 .text.xTaskCheckForTimeOut
                0x00001fe4       0xc4 ./freertos/freertos_kernel/tasks.o
                0x00001fe4                xTaskCheckForTimeOut
 .text.vTaskMissedYield
                0x000020a8       0x18 ./freertos/freertos_kernel/tasks.o
                0x000020a8                vTaskMissedYield
 .text.prvIdleTask
                0x000020c0       0x30 ./freertos/freertos_kernel/tasks.o
 .text.prvInitialiseTaskLists
                0x000020f0       0x80 ./freertos/freertos_kernel/tasks.o
 .text.prvCheckTasksWaitingTermination
                0x00002170       0x5c ./freertos/freertos_kernel/tasks.o
 .text.prvResetNextTaskUnblockTime
                0x000021cc       0x40 ./freertos/freertos_kernel/tasks.o
 .text.xTaskGetSchedulerState
                0x0000220c       0x3c ./freertos/freertos_kernel/tasks.o
                0x0000220c                xTaskGetSchedulerState
 .text.xTaskPriorityDisinherit
                0x00002248      0x10c ./freertos/freertos_kernel/tasks.o
                0x00002248                xTaskPriorityDisinherit
 .text.prvAddCurrentTaskToDelayedList
                0x00002354       0xcc ./freertos/freertos_kernel/tasks.o
 .text.xTimerCreateTimerTask
                0x00002420       0x64 ./freertos/freertos_kernel/timers.o
                0x00002420                xTimerCreateTimerTask
 .text.xTimerGenericCommand
                0x00002484       0x9c ./freertos/freertos_kernel/timers.o
                0x00002484                xTimerGenericCommand
 .text.prvProcessExpiredTimer
                0x00002520       0x98 ./freertos/freertos_kernel/timers.o
 .text.prvProcessTimerOrBlockTask
                0x000025b8       0x9c ./freertos/freertos_kernel/timers.o
 .text.prvGetNextExpireTime
                0x00002654       0x48 ./freertos/freertos_kernel/timers.o
 .text.prvSampleTimeNow
                0x0000269c       0x40 ./freertos/freertos_kernel/timers.o
 .text.prvInsertTimerInActiveList
                0x000026dc       0x84 ./freertos/freertos_kernel/timers.o
 .text.prvProcessReceivedCommands
                0x00002760      0x1c4 ./freertos/freertos_kernel/timers.o
 .text.prvSwitchTimerLists
                0x00002924       0xc8 ./freertos/freertos_kernel/timers.o
 .text.prvCheckForValidListAndQueue
                0x000029ec       0x6c ./freertos/freertos_kernel/timers.o
 .text.ADC16_GetInstance
                0x00002a58       0x4c ./drivers/fsl_adc16.o
 .text.ADC16_Init
                0x00002aa4      0x118 ./drivers/fsl_adc16.o
                0x00002aa4                ADC16_Init
 .text.ADC16_GetDefaultConfig
                0x00002bbc       0x68 ./drivers/fsl_adc16.o
                0x00002bbc                ADC16_GetDefaultConfig
 .text.ADC16_SetChannelConfig
                0x00002c24       0x68 ./drivers/fsl_adc16.o
                0x00002c24                ADC16_SetChannelConfig
 .text.ADC16_GetChannelStatusFlags
                0x00002c8c       0x40 ./drivers/fsl_adc16.o
                0x00002c8c                ADC16_GetChannelStatusFlags
 .text.CLOCK_SetEr32kClock
                0x00002ccc       0x30 ./drivers/fsl_clock.o
 .text.CLOCK_SetPllFllSelClock
                0x00002cfc       0x3c ./drivers/fsl_clock.o
 .text.CLOCK_GetMcgExtClkFreq
                0x00002d38       0x7c ./drivers/fsl_clock.o
 .text.CLOCK_GetFllExtRefClkFreq
                0x00002db4       0xb0 ./drivers/fsl_clock.o
 .text.CLOCK_GetInternalRefClkSelectFreq
                0x00002e64       0x4c ./drivers/fsl_clock.o
 .text.CLOCK_GetFllRefClkFreq
                0x00002eb0       0x34 ./drivers/fsl_clock.o
 .text.CLOCK_GetOscRangeFromFreq
                0x00002ee4       0x3c ./drivers/fsl_clock.o
 .text.CLOCK_GetOsc0ErClkFreq
                0x00002f20       0x44 ./drivers/fsl_clock.o
                0x00002f20                CLOCK_GetOsc0ErClkFreq
 .text.CLOCK_GetEr32kClkFreq
                0x00002f64       0x74 ./drivers/fsl_clock.o
                0x00002f64                CLOCK_GetEr32kClkFreq
 .text.CLOCK_GetPllFllSelClkFreq
                0x00002fd8       0x58 ./drivers/fsl_clock.o
                0x00002fd8                CLOCK_GetPllFllSelClkFreq
 .text.CLOCK_GetCoreSysClkFreq
                0x00003030       0x28 ./drivers/fsl_clock.o
                0x00003030                CLOCK_GetCoreSysClkFreq
 .text.CLOCK_GetFreq
                0x00003058      0x148 ./drivers/fsl_clock.o
                0x00003058                CLOCK_GetFreq
 .text.CLOCK_SetSimConfig
                0x000031a0       0x38 ./drivers/fsl_clock.o
                0x000031a0                CLOCK_SetSimConfig
 .text.CLOCK_EnableUsbfs0Clock
                0x000031d8      0x110 ./drivers/fsl_clock.o
                0x000031d8                CLOCK_EnableUsbfs0Clock
 .text.CLOCK_GetOutClkFreq
                0x000032e8       0x64 ./drivers/fsl_clock.o
                0x000032e8                CLOCK_GetOutClkFreq
 .text.CLOCK_GetFllFreq
                0x0000334c       0x84 ./drivers/fsl_clock.o
                0x0000334c                CLOCK_GetFllFreq
 .text.CLOCK_GetInternalRefClkFreq
                0x000033d0       0x30 ./drivers/fsl_clock.o
                0x000033d0                CLOCK_GetInternalRefClkFreq
 .text.CLOCK_GetPll0Freq
                0x00003400       0x78 ./drivers/fsl_clock.o
                0x00003400                CLOCK_GetPll0Freq
 .text.CLOCK_SetExternalRefClkConfig
                0x00003478       0x6c ./drivers/fsl_clock.o
                0x00003478                CLOCK_SetExternalRefClkConfig
 .text.CLOCK_SetInternalRefClkConfig
                0x000034e4      0x104 ./drivers/fsl_clock.o
                0x000034e4                CLOCK_SetInternalRefClkConfig
 .text.CLOCK_EnablePll0
                0x000035e8       0x88 ./drivers/fsl_clock.o
                0x000035e8                CLOCK_EnablePll0
 .text.CLOCK_InitOsc0
                0x00003670       0x8c ./drivers/fsl_clock.o
                0x00003670                CLOCK_InitOsc0
 .text.CLOCK_SetPbeMode
                0x000036fc       0xa8 ./drivers/fsl_clock.o
                0x000036fc                CLOCK_SetPbeMode
 .text.CLOCK_BootToPeeMode
                0x000037a4       0x64 ./drivers/fsl_clock.o
                0x000037a4                CLOCK_BootToPeeMode
 .text.__NVIC_EnableIRQ
                0x00003808       0x3c ./drivers/fsl_flexcan.o
 .text.FLEXCAN_GetInstance
                0x00003844       0x44 ./drivers/fsl_flexcan.o
                0x00003844                FLEXCAN_GetInstance
 .text.FLEXCAN_IsMbIntEnabled
                0x00003888       0x48 ./drivers/fsl_flexcan.o
 .text.FLEXCAN_Reset
                0x000038d0       0xbc ./drivers/fsl_flexcan.o
 .text.FLEXCAN_SetBaudRate
                0x0000398c       0x98 ./drivers/fsl_flexcan.o
 .text.FLEXCAN_Init
                0x00003a24      0x178 ./drivers/fsl_flexcan.o
                0x00003a24                FLEXCAN_Init
 .text.FLEXCAN_GetDefaultConfig
                0x00003b9c       0x84 ./drivers/fsl_flexcan.o
                0x00003b9c                FLEXCAN_GetDefaultConfig
 .text.FLEXCAN_SetTimingConfig
                0x00003c20       0x7c ./drivers/fsl_flexcan.o
                0x00003c20                FLEXCAN_SetTimingConfig
 .text.FLEXCAN_SetTxMbConfig
                0x00003c9c       0xa4 ./drivers/fsl_flexcan.o
                0x00003c9c                FLEXCAN_SetTxMbConfig
 .text.FLEXCAN_SetRxMbConfig
                0x00003d40       0xf8 ./drivers/fsl_flexcan.o
                0x00003d40                FLEXCAN_SetRxMbConfig
 .text.FLEXCAN_WriteTxMb
                0x00003e38      0x148 ./drivers/fsl_flexcan.o
                0x00003e38                FLEXCAN_WriteTxMb
 .text.FLEXCAN_ReadRxMb
                0x00003f80      0x124 ./drivers/fsl_flexcan.o
                0x00003f80                FLEXCAN_ReadRxMb
 .text.FLEXCAN_ReadRxFifo
                0x000040a4       0xc8 ./drivers/fsl_flexcan.o
                0x000040a4                FLEXCAN_ReadRxFifo
 .text.FLEXCAN_TransferCreateHandle
                0x0000416c       0xb0 ./drivers/fsl_flexcan.o
                0x0000416c                FLEXCAN_TransferCreateHandle
 .text.FLEXCAN_TransferSendNonBlocking
                0x0000421c      0x108 ./drivers/fsl_flexcan.o
                0x0000421c                FLEXCAN_TransferSendNonBlocking
 .text.FLEXCAN_TransferReceiveNonBlocking
                0x00004324       0xcc ./drivers/fsl_flexcan.o
                0x00004324                FLEXCAN_TransferReceiveNonBlocking
 .text.FLEXCAN_TransferAbortSend
                0x000043f0       0xa4 ./drivers/fsl_flexcan.o
                0x000043f0                FLEXCAN_TransferAbortSend
 .text.FLEXCAN_TransferAbortReceive
                0x00004494       0x8c ./drivers/fsl_flexcan.o
                0x00004494                FLEXCAN_TransferAbortReceive
 .text.FLEXCAN_TransferAbortReceiveFifo
                0x00004520       0x44 ./drivers/fsl_flexcan.o
                0x00004520                FLEXCAN_TransferAbortReceiveFifo
 .text.FLEXCAN_CheckUnhandleInterruptEvents
                0x00004564       0x6c ./drivers/fsl_flexcan.o
 .text.FLEXCAN_SubHandlerForDataTransfered
                0x000045d0      0x1bc ./drivers/fsl_flexcan.o
 .text.FLEXCAN_TransferHandleIRQ
                0x0000478c       0xac ./drivers/fsl_flexcan.o
                0x0000478c                FLEXCAN_TransferHandleIRQ
 .text.CAN0_DriverIRQHandler
                0x00004838       0x3c ./drivers/fsl_flexcan.o
                0x00004838                CAN0_DriverIRQHandler
 .text.I2C_TransferCommonIRQHandler
                0x00004874       0x58 ./drivers/fsl_i2c.o
 .text.I2C0_DriverIRQHandler
                0x000048cc       0x1c ./drivers/fsl_i2c.o
                0x000048cc                I2C0_DriverIRQHandler
 .text.I2C1_DriverIRQHandler
                0x000048e8       0x1c ./drivers/fsl_i2c.o
                0x000048e8                I2C1_DriverIRQHandler
 .text.I2C2_DriverIRQHandler
                0x00004904       0x1c ./drivers/fsl_i2c.o
                0x00004904                I2C2_DriverIRQHandler
 .text.UART_GetInstance
                0x00004920       0x54 ./drivers/fsl_uart.o
                0x00004920                UART_GetInstance
 .text.UART_Init
                0x00004974      0x2f4 ./drivers/fsl_uart.o
                0x00004974                UART_Init
 .text.UART_GetDefaultConfig
                0x00004c68       0x68 ./drivers/fsl_uart.o
                0x00004c68                UART_GetDefaultConfig
 .text.UART0_DriverIRQHandler
                0x00004cd0       0x28 ./drivers/fsl_uart.o
                0x00004cd0                UART0_DriverIRQHandler
 .text.UART1_DriverIRQHandler
                0x00004cf8       0x28 ./drivers/fsl_uart.o
                0x00004cf8                UART1_DriverIRQHandler
 .text.UART2_DriverIRQHandler
                0x00004d20       0x28 ./drivers/fsl_uart.o
                0x00004d20                UART2_DriverIRQHandler
 .text.UART3_DriverIRQHandler
                0x00004d48       0x28 ./drivers/fsl_uart.o
                0x00004d48                UART3_DriverIRQHandler
 .text.UART4_DriverIRQHandler
                0x00004d70       0x28 ./drivers/fsl_uart.o
                0x00004d70                UART4_DriverIRQHandler
 .text.UART5_DriverIRQHandler
                0x00004d98       0x28 ./drivers/fsl_uart.o
                0x00004d98                UART5_DriverIRQHandler
 .text.SystemInit
                0x00004dc0       0x3c ./device/system_MK64F12.o
                0x00004dc0                SystemInit
 .text.HAL_UartInit
                0x00004dfc      0x128 ./component/uart/fsl_adapter_uart.o
                0x00004dfc                HAL_UartInit
 .text.HAL_UartSendBlocking
                0x00004f24       0x64 ./component/uart/fsl_adapter_uart.o
                0x00004f24                HAL_UartSendBlocking
 .text.CLOCK_SetSdhc0Clock
                0x00004f88       0x3c ./board/clock_config.o
 .text.CLOCK_SetEnetTime0Clock
                0x00004fc4       0x3c ./board/clock_config.o
 .text.CLOCK_SetRmii0Clock
                0x00005000       0x3c ./board/clock_config.o
 .text.CLOCK_SetTraceClock
                0x0000503c       0x3c ./board/clock_config.o
 .text.CLOCK_SetClkOutClock
                0x00005078       0x38 ./board/clock_config.o
 .text.CLOCK_SetSimSafeDivs
                0x000050b0       0x20 ./board/clock_config.o
 .text.CLOCK_SetXtal0Freq
                0x000050d0       0x20 ./board/clock_config.o
 .text.CLOCK_CONFIG_SetFllExtRefDiv
                0x000050f0       0x3c ./board/clock_config.o
 .text.BOARD_BootClockRUN
                0x0000512c       0x88 ./board/clock_config.o
                0x0000512c                BOARD_BootClockRUN
 .text.PORT_SetPinConfig
                0x000051b4       0x38 ./board/pin_mux.o
 .text.BOARD_InitPins
                0x000051ec       0x54 ./board/pin_mux.o
                0x000051ec                BOARD_InitPins
 .text.BOARD_InitDEBUG_UARTPins
                0x00005240       0x6c ./board/pin_mux.o
                0x00005240                BOARD_InitDEBUG_UARTPins
 .text.__assertion_failed
                0x000052ac       0x4c d:/nxp/mcuxpressoide_11.2.0_4120/ide/plugins/com.nxp.mcuxpresso.tools.win32_11.2.0.202001021529/tools/bin/../lib/gcc/arm-none-eabi/9.2.1/../../../../arm-none-eabi/lib/thumb/v7e-m+fp/hard\libcr_nohost_nf.a(_cr_assert.o)
                0x000052ac                __assertion_failed
 .text._Cwritebuf
                0x000052f8       0x6c d:/nxp/mcuxpressoide_11.2.0_4120/ide/plugins/com.nxp.mcuxpresso.tools.win32_11.2.0.202001021529/tools/bin/../lib/gcc/arm-none-eabi/9.2.1/../../../../arm-none-eabi/lib/thumb/v7e-m+fp/hard\libcr_c.a(_writebuf.o)
                0x000052f8                _Cwritebuf
 .text.malloc   0x00005364       0xc8 d:/nxp/mcuxpressoide_11.2.0_4120/ide/plugins/com.nxp.mcuxpresso.tools.win32_11.2.0.202001021529/tools/bin/../lib/gcc/arm-none-eabi/9.2.1/../../../../arm-none-eabi/lib/thumb/v7e-m+fp/hard\libcr_c.a(alloc.o)
                0x00005364                malloc
 .text._Csys_alloc
                0x0000542c       0x20 d:/nxp/mcuxpressoide_11.2.0_4120/ide/plugins/com.nxp.mcuxpresso.tools.win32_11.2.0.202001021529/tools/bin/../lib/gcc/arm-none-eabi/9.2.1/../../../../arm-none-eabi/lib/thumb/v7e-m+fp/hard\libcr_c.a(alloc.o)
                0x0000542c                _Csys_alloc
 .text.fseek    0x0000544c      0x100 d:/nxp/mcuxpressoide_11.2.0_4120/ide/plugins/com.nxp.mcuxpresso.tools.win32_11.2.0.202001021529/tools/bin/../lib/gcc/arm-none-eabi/9.2.1/../../../../arm-none-eabi/lib/thumb/v7e-m+fp/hard\libcr_c.a(fseek.o)
                0x0000544c                fseek
 .text.ftell    0x0000554c       0x44 d:/nxp/mcuxpressoide_11.2.0_4120/ide/plugins/com.nxp.mcuxpresso.tools.win32_11.2.0.202001021529/tools/bin/../lib/gcc/arm-none-eabi/9.2.1/../../../../arm-none-eabi/lib/thumb/v7e-m+fp/hard\libcr_c.a(ftell.o)
                0x0000554c                ftell
 .text._initio  0x00005590       0x78 d:/nxp/mcuxpressoide_11.2.0_4120/ide/plugins/com.nxp.mcuxpresso.tools.win32_11.2.0.202001021529/tools/bin/../lib/gcc/arm-none-eabi/9.2.1/../../../../arm-none-eabi/lib/thumb/v7e-m+fp/hard\libcr_c.a(initio.o)
                0x00005590                _initio
 .text._sbrk    0x00005608       0x3c d:/nxp/mcuxpressoide_11.2.0_4120/ide/plugins/com.nxp.mcuxpresso.tools.win32_11.2.0.202001021529/tools/bin/../lib/gcc/arm-none-eabi/9.2.1/../../../../arm-none-eabi/lib/thumb/v7e-m+fp/hard\libcr_c.a(_cr_sbrk.o)
                0x00005608                _sbrk
 .text.fflush   0x00005644       0x44 d:/nxp/mcuxpressoide_11.2.0_4120/ide/plugins/com.nxp.mcuxpresso.tools.win32_11.2.0.202001021529/tools/bin/../lib/gcc/arm-none-eabi/9.2.1/../../../../arm-none-eabi/lib/thumb/v7e-m+fp/hard\libcr_c.a(fflush.o)
                0x00005644                fflush
 .text.__check_heap_overflow
                0x00005688       0x18 d:/nxp/mcuxpressoide_11.2.0_4120/ide/plugins/com.nxp.mcuxpresso.tools.win32_11.2.0.202001021529/tools/bin/../lib/gcc/arm-none-eabi/9.2.1/../../../../arm-none-eabi/lib/thumb/v7e-m+fp/hard\libcr_c.a(_cr_check_heap.o)
                0x00005688                __check_heap_overflow
 .text.DbgConsole_PrintCallback
                0x000056a0       0x66 ./utilities/fsl_debug_console.o
 .text.PrintGetWidth
                0x00005706       0x6a ./utilities/fsl_str.o
 .text.PrintGetPrecision
                0x00005770       0x8c ./utilities/fsl_str.o
 .text.PrintIsobpu
                0x000057fc       0x38 ./utilities/fsl_str.o
 .text.PrintIsdi
                0x00005834       0x2c ./utilities/fsl_str.o
 .text.PrintOutputdifFobpu
                0x00005860       0x44 ./utilities/fsl_str.o
 .text.PrintOutputxX
                0x000058a4       0x44 ./utilities/fsl_str.o
 .text.PrintIsfF
                0x000058e8       0x2c ./utilities/fsl_str.o
 .text.PrintIsxX
                0x00005914       0x2c ./utilities/fsl_str.o
 .text.PrintFilterLengthFlag
                0x00005940       0x3e ./utilities/fsl_str.o
 .text.PrintGetRadixFromobpu
                0x0000597e       0x40 ./utilities/fsl_str.o
 .text.ConvertRadixNumToString
                0x000059be      0x110 ./utilities/fsl_str.o
 .text.StrFormatPrintf
                0x00005ace      0x290 ./utilities/fsl_str.o
                0x00005ace                StrFormatPrintf
 .text.DMA0_IRQHandler
                0x00005d5e        0x8 ./startup/startup_mk64f12.o
                0x00005d5e                DMA0_IRQHandler
 .text.DMA1_IRQHandler
                0x00005d66        0x8 ./startup/startup_mk64f12.o
                0x00005d66                DMA1_IRQHandler
 .text.DMA2_IRQHandler
                0x00005d6e        0x8 ./startup/startup_mk64f12.o
                0x00005d6e                DMA2_IRQHandler
 .text.DMA3_IRQHandler
                0x00005d76        0x8 ./startup/startup_mk64f12.o
                0x00005d76                DMA3_IRQHandler
 .text.DMA4_IRQHandler
                0x00005d7e        0x8 ./startup/startup_mk64f12.o
                0x00005d7e                DMA4_IRQHandler
 .text.DMA5_IRQHandler
                0x00005d86        0x8 ./startup/startup_mk64f12.o
                0x00005d86                DMA5_IRQHandler
 .text.DMA6_IRQHandler
                0x00005d8e        0x8 ./startup/startup_mk64f12.o
                0x00005d8e                DMA6_IRQHandler
 .text.DMA7_IRQHandler
                0x00005d96        0x8 ./startup/startup_mk64f12.o
                0x00005d96                DMA7_IRQHandler
 .text.DMA8_IRQHandler
                0x00005d9e        0x8 ./startup/startup_mk64f12.o
                0x00005d9e                DMA8_IRQHandler
 .text.DMA9_IRQHandler
                0x00005da6        0x8 ./startup/startup_mk64f12.o
                0x00005da6                DMA9_IRQHandler
 .text.DMA10_IRQHandler
                0x00005dae        0x8 ./startup/startup_mk64f12.o
                0x00005dae                DMA10_IRQHandler
 .text.DMA11_IRQHandler
                0x00005db6        0x8 ./startup/startup_mk64f12.o
                0x00005db6                DMA11_IRQHandler
 .text.DMA12_IRQHandler
                0x00005dbe        0x8 ./startup/startup_mk64f12.o
                0x00005dbe                DMA12_IRQHandler
 .text.DMA13_IRQHandler
                0x00005dc6        0x8 ./startup/startup_mk64f12.o
                0x00005dc6                DMA13_IRQHandler
 .text.DMA14_IRQHandler
                0x00005dce        0x8 ./startup/startup_mk64f12.o
                0x00005dce                DMA14_IRQHandler
 .text.DMA15_IRQHandler
                0x00005dd6        0x8 ./startup/startup_mk64f12.o
                0x00005dd6                DMA15_IRQHandler
 .text.DMA_Error_IRQHandler
                0x00005dde        0x8 ./startup/startup_mk64f12.o
                0x00005dde                DMA_Error_IRQHandler
 .text.MCM_IRQHandler
                0x00005de6        0x8 ./startup/startup_mk64f12.o
                0x00005de6                MCM_IRQHandler
 .text.FTFE_IRQHandler
                0x00005dee        0x8 ./startup/startup_mk64f12.o
                0x00005dee                FTFE_IRQHandler
 .text.Read_Collision_IRQHandler
                0x00005df6        0x8 ./startup/startup_mk64f12.o
                0x00005df6                Read_Collision_IRQHandler
 .text.LVD_LVW_IRQHandler
                0x00005dfe        0x8 ./startup/startup_mk64f12.o
                0x00005dfe                LVD_LVW_IRQHandler
 .text.LLWU_IRQHandler
                0x00005e06        0x8 ./startup/startup_mk64f12.o
                0x00005e06                LLWU_IRQHandler
 .text.WDOG_EWM_IRQHandler
                0x00005e0e        0x8 ./startup/startup_mk64f12.o
                0x00005e0e                WDOG_EWM_IRQHandler
 .text.RNG_IRQHandler
                0x00005e16        0x8 ./startup/startup_mk64f12.o
                0x00005e16                RNG_IRQHandler
 .text.I2C0_IRQHandler
                0x00005e1e        0x8 ./startup/startup_mk64f12.o
                0x00005e1e                I2C0_IRQHandler
 .text.I2C1_IRQHandler
                0x00005e26        0x8 ./startup/startup_mk64f12.o
                0x00005e26                I2C1_IRQHandler
 .text.SPI0_IRQHandler
                0x00005e2e        0x8 ./startup/startup_mk64f12.o
                0x00005e2e                SPI0_IRQHandler
 .text.SPI1_IRQHandler
                0x00005e36        0x8 ./startup/startup_mk64f12.o
                0x00005e36                SPI1_IRQHandler
 .text.I2S0_Tx_IRQHandler
                0x00005e3e        0x8 ./startup/startup_mk64f12.o
                0x00005e3e                I2S0_Tx_IRQHandler
 .text.I2S0_Rx_IRQHandler
                0x00005e46        0x8 ./startup/startup_mk64f12.o
                0x00005e46                I2S0_Rx_IRQHandler
 .text.UART0_LON_IRQHandler
                0x00005e4e        0x8 ./startup/startup_mk64f12.o
                0x00005e4e                UART0_LON_IRQHandler
 .text.UART0_RX_TX_IRQHandler
                0x00005e56        0x8 ./startup/startup_mk64f12.o
                0x00005e56                UART0_RX_TX_IRQHandler
 .text.UART0_ERR_IRQHandler
                0x00005e5e        0x8 ./startup/startup_mk64f12.o
                0x00005e5e                UART0_ERR_IRQHandler
 .text.UART1_RX_TX_IRQHandler
                0x00005e66        0x8 ./startup/startup_mk64f12.o
                0x00005e66                UART1_RX_TX_IRQHandler
 .text.UART1_ERR_IRQHandler
                0x00005e6e        0x8 ./startup/startup_mk64f12.o
                0x00005e6e                UART1_ERR_IRQHandler
 .text.UART2_RX_TX_IRQHandler
                0x00005e76        0x8 ./startup/startup_mk64f12.o
                0x00005e76                UART2_RX_TX_IRQHandler
 .text.UART2_ERR_IRQHandler
                0x00005e7e        0x8 ./startup/startup_mk64f12.o
                0x00005e7e                UART2_ERR_IRQHandler
 .text.UART3_RX_TX_IRQHandler
                0x00005e86        0x8 ./startup/startup_mk64f12.o
                0x00005e86                UART3_RX_TX_IRQHandler
 .text.UART3_ERR_IRQHandler
                0x00005e8e        0x8 ./startup/startup_mk64f12.o
                0x00005e8e                UART3_ERR_IRQHandler
 .text.ADC0_IRQHandler
                0x00005e96        0x8 ./startup/startup_mk64f12.o
                0x00005e96                ADC0_IRQHandler
 .text.CMP0_IRQHandler
                0x00005e9e        0x8 ./startup/startup_mk64f12.o
                0x00005e9e                CMP0_IRQHandler
 .text.CMP1_IRQHandler
                0x00005ea6        0x8 ./startup/startup_mk64f12.o
                0x00005ea6                CMP1_IRQHandler
 .text.FTM0_IRQHandler
                0x00005eae        0x8 ./startup/startup_mk64f12.o
                0x00005eae                FTM0_IRQHandler
 .text.FTM1_IRQHandler
                0x00005eb6        0x8 ./startup/startup_mk64f12.o
                0x00005eb6                FTM1_IRQHandler
 .text.FTM2_IRQHandler
                0x00005ebe        0x8 ./startup/startup_mk64f12.o
                0x00005ebe                FTM2_IRQHandler
 .text.CMT_IRQHandler
                0x00005ec6        0x8 ./startup/startup_mk64f12.o
                0x00005ec6                CMT_IRQHandler
 .text.RTC_IRQHandler
                0x00005ece        0x8 ./startup/startup_mk64f12.o
                0x00005ece                RTC_IRQHandler
 .text.RTC_Seconds_IRQHandler
                0x00005ed6        0x8 ./startup/startup_mk64f12.o
                0x00005ed6                RTC_Seconds_IRQHandler
 .text.PIT0_IRQHandler
                0x00005ede        0x8 ./startup/startup_mk64f12.o
                0x00005ede                PIT0_IRQHandler
 .text.PIT1_IRQHandler
                0x00005ee6        0x8 ./startup/startup_mk64f12.o
                0x00005ee6                PIT1_IRQHandler
 .text.PIT2_IRQHandler
                0x00005eee        0x8 ./startup/startup_mk64f12.o
                0x00005eee                PIT2_IRQHandler
 .text.PIT3_IRQHandler
                0x00005ef6        0x8 ./startup/startup_mk64f12.o
                0x00005ef6                PIT3_IRQHandler
 .text.PDB0_IRQHandler
                0x00005efe        0x8 ./startup/startup_mk64f12.o
                0x00005efe                PDB0_IRQHandler
 .text.USB0_IRQHandler
                0x00005f06        0x8 ./startup/startup_mk64f12.o
                0x00005f06                USB0_IRQHandler
 .text.USBDCD_IRQHandler
                0x00005f0e        0x8 ./startup/startup_mk64f12.o
                0x00005f0e                USBDCD_IRQHandler
 .text.Reserved71_IRQHandler
                0x00005f16        0x8 ./startup/startup_mk64f12.o
                0x00005f16                Reserved71_IRQHandler
 .text.DAC0_IRQHandler
                0x00005f1e        0x8 ./startup/startup_mk64f12.o
                0x00005f1e                DAC0_IRQHandler
 .text.MCG_IRQHandler
                0x00005f26        0x8 ./startup/startup_mk64f12.o
                0x00005f26                MCG_IRQHandler
 .text.LPTMR0_IRQHandler
                0x00005f2e        0x8 ./startup/startup_mk64f12.o
                0x00005f2e                LPTMR0_IRQHandler
 .text.PORTA_IRQHandler
                0x00005f36        0x8 ./startup/startup_mk64f12.o
                0x00005f36                PORTA_IRQHandler
 .text.PORTB_IRQHandler
                0x00005f3e        0x8 ./startup/startup_mk64f12.o
                0x00005f3e                PORTB_IRQHandler
 .text.PORTC_IRQHandler
                0x00005f46        0x8 ./startup/startup_mk64f12.o
                0x00005f46                PORTC_IRQHandler
 .text.PORTD_IRQHandler
                0x00005f4e        0x8 ./startup/startup_mk64f12.o
                0x00005f4e                PORTD_IRQHandler
 .text.PORTE_IRQHandler
                0x00005f56        0x8 ./startup/startup_mk64f12.o
                0x00005f56                PORTE_IRQHandler
 .text.SWI_IRQHandler
                0x00005f5e        0x8 ./startup/startup_mk64f12.o
                0x00005f5e                SWI_IRQHandler
 .text.SPI2_IRQHandler
                0x00005f66        0x8 ./startup/startup_mk64f12.o
                0x00005f66                SPI2_IRQHandler
 .text.UART4_RX_TX_IRQHandler
                0x00005f6e        0x8 ./startup/startup_mk64f12.o
                0x00005f6e                UART4_RX_TX_IRQHandler
 .text.UART4_ERR_IRQHandler
                0x00005f76        0x8 ./startup/startup_mk64f12.o
                0x00005f76                UART4_ERR_IRQHandler
 .text.UART5_RX_TX_IRQHandler
                0x00005f7e        0x8 ./startup/startup_mk64f12.o
                0x00005f7e                UART5_RX_TX_IRQHandler
 .text.UART5_ERR_IRQHandler
                0x00005f86        0x8 ./startup/startup_mk64f12.o
                0x00005f86                UART5_ERR_IRQHandler
 .text.CMP2_IRQHandler
                0x00005f8e        0x8 ./startup/startup_mk64f12.o
                0x00005f8e                CMP2_IRQHandler
 .text.FTM3_IRQHandler
                0x00005f96        0x8 ./startup/startup_mk64f12.o
                0x00005f96                FTM3_IRQHandler
 .text.DAC1_IRQHandler
                0x00005f9e        0x8 ./startup/startup_mk64f12.o
                0x00005f9e                DAC1_IRQHandler
 .text.ADC1_IRQHandler
                0x00005fa6        0x8 ./startup/startup_mk64f12.o
                0x00005fa6                ADC1_IRQHandler
 .text.I2C2_IRQHandler
                0x00005fae        0x8 ./startup/startup_mk64f12.o
                0x00005fae                I2C2_IRQHandler
 .text.CAN0_ORed_Message_buffer_IRQHandler
                0x00005fb6        0x8 ./startup/startup_mk64f12.o
                0x00005fb6                CAN0_ORed_Message_buffer_IRQHandler
 .text.CAN0_Bus_Off_IRQHandler
                0x00005fbe        0x8 ./startup/startup_mk64f12.o
                0x00005fbe                CAN0_Bus_Off_IRQHandler
 .text.CAN0_Error_IRQHandler
                0x00005fc6        0x8 ./startup/startup_mk64f12.o
                0x00005fc6                CAN0_Error_IRQHandler
 .text.CAN0_Tx_Warning_IRQHandler
                0x00005fce        0x8 ./startup/startup_mk64f12.o
                0x00005fce                CAN0_Tx_Warning_IRQHandler
 .text.CAN0_Rx_Warning_IRQHandler
                0x00005fd6        0x8 ./startup/startup_mk64f12.o
                0x00005fd6                CAN0_Rx_Warning_IRQHandler
 .text.CAN0_Wake_Up_IRQHandler
                0x00005fde        0x8 ./startup/startup_mk64f12.o
                0x00005fde                CAN0_Wake_Up_IRQHandler
 .text.SDHC_IRQHandler
                0x00005fe6        0x8 ./startup/startup_mk64f12.o
                0x00005fe6                SDHC_IRQHandler
 .text.ENET_1588_Timer_IRQHandler
                0x00005fee        0x8 ./startup/startup_mk64f12.o
                0x00005fee                ENET_1588_Timer_IRQHandler
 .text.ENET_Transmit_IRQHandler
                0x00005ff6        0x8 ./startup/startup_mk64f12.o
                0x00005ff6                ENET_Transmit_IRQHandler
 .text.ENET_Receive_IRQHandler
                0x00005ffe        0x8 ./startup/startup_mk64f12.o
                0x00005ffe                ENET_Receive_IRQHandler
 .text.ENET_Error_IRQHandler
                0x00006006        0x8 ./startup/startup_mk64f12.o
                0x00006006                ENET_Error_IRQHandler
 .text.GPIO_PortSet
                0x0000600e       0x1c ./source/MK64F12_Project_can_example.o
 .text.GPIO_PortClear
                0x0000602a       0x1c ./source/MK64F12_Project_can_example.o
 .text.ADC16_EnableHardwareTrigger
                0x00006046       0x38 ./source/MK64F12_Project_can_example.o
 .text.HardFault_Handler
                0x0000607e       0x2c ./source/semihost_hardfault.o
                0x0000607e                HardFault_Handler
 .text.vListInitialise
                0x000060aa       0x40 ./freertos/freertos_kernel/list.o
                0x000060aa                vListInitialise
 .text.vListInitialiseItem
                0x000060ea       0x1a ./freertos/freertos_kernel/list.o
                0x000060ea                vListInitialiseItem
 .text.vListInsertEnd
                0x00006104       0x48 ./freertos/freertos_kernel/list.o
                0x00006104                vListInsertEnd
 .text.vListInsert
                0x0000614c       0x72 ./freertos/freertos_kernel/list.o
                0x0000614c                vListInsert
 .text.uxListRemove
                0x000061be       0x54 ./freertos/freertos_kernel/list.o
                0x000061be                uxListRemove
 .text.xQueueGenericCreate
                0x00006212       0x6c ./freertos/freertos_kernel/queue.o
                0x00006212                xQueueGenericCreate
 .text.prvInitialiseNewQueue
                0x0000627e       0x46 ./freertos/freertos_kernel/queue.o
 .text.xQueueGenericSendFromISR
                0x000062c4      0x136 ./freertos/freertos_kernel/queue.o
                0x000062c4                xQueueGenericSendFromISR
 .text.prvCopyDataToQueue
                0x000063fa       0xd4 ./freertos/freertos_kernel/queue.o
 .text.prvCopyDataFromQueue
                0x000064ce       0x4c ./freertos/freertos_kernel/queue.o
 .text.prvUnlockQueue
                0x0000651a       0xa4 ./freertos/freertos_kernel/queue.o
 .text.prvIsQueueEmpty
                0x000065be       0x2c ./freertos/freertos_kernel/queue.o
 .text.prvIsQueueFull
                0x000065ea       0x30 ./freertos/freertos_kernel/queue.o
 .text.vQueueWaitForMessageRestricted
                0x0000661a       0x68 ./freertos/freertos_kernel/queue.o
                0x0000661a                vQueueWaitForMessageRestricted
 .text.xTaskCreate
                0x00006682       0x82 ./freertos/freertos_kernel/tasks.o
                0x00006682                xTaskCreate
 .text.prvInitialiseNewTask
                0x00006704      0x13c ./freertos/freertos_kernel/tasks.o
 .text.prvDeleteTCB
                0x00006840       0x20 ./freertos/freertos_kernel/tasks.o
 .text.prvTimerTask
                0x00006860       0x24 ./freertos/freertos_kernel/timers.o
 .text.CLOCK_EnableClock
                0x00006884       0x34 ./drivers/fsl_adc16.o
 .text.ADC16_SetHardwareAverage
                0x000068b8       0x3e ./drivers/fsl_adc16.o
                0x000068b8                ADC16_SetHardwareAverage
 .text.CLOCK_EnableClock
                0x000068f6       0x34 ./drivers/fsl_clock.o
 .text.CLOCK_DisableClock
                0x0000692a       0x38 ./drivers/fsl_clock.o
 .text.OSC_SetExtRefClkConfig
                0x00006962       0x34 ./drivers/fsl_clock.o
 .text.OSC_SetCapLoad
                0x00006996       0x34 ./drivers/fsl_clock.o
 .text.CLOCK_GetPll0RefFreq
                0x000069ca        0xe ./drivers/fsl_clock.o
 .text.CLOCK_GetFixedFreqClkFreq
                0x000069d8       0x34 ./drivers/fsl_clock.o
                0x000069d8                CLOCK_GetFixedFreqClkFreq
 .text.CLOCK_EnableClock
                0x00006a0c       0x34 ./drivers/fsl_flexcan.o
 .text.EnableIRQ
                0x00006a40       0x32 ./drivers/fsl_flexcan.o
 .text.FLEXCAN_GetStatusFlags
                0x00006a72       0x18 ./drivers/fsl_flexcan.o
 .text.FLEXCAN_ClearStatusFlags
                0x00006a8a       0x1c ./drivers/fsl_flexcan.o
 .text.FLEXCAN_GetMbStatusFlags
                0x00006aa6       0x1e ./drivers/fsl_flexcan.o
 .text.FLEXCAN_ClearMbStatusFlags
                0x00006ac4       0x1c ./drivers/fsl_flexcan.o
 .text.FLEXCAN_EnableInterrupts
                0x00006ae0       0x3c ./drivers/fsl_flexcan.o
 .text.FLEXCAN_DisableInterrupts
                0x00006b1c       0x3e ./drivers/fsl_flexcan.o
 .text.FLEXCAN_EnableMbInterrupts
                0x00006b5a       0x22 ./drivers/fsl_flexcan.o
 .text.FLEXCAN_DisableMbInterrupts
                0x00006b7c       0x24 ./drivers/fsl_flexcan.o
 .text.FLEXCAN_Enable
                0x00006ba0       0x54 ./drivers/fsl_flexcan.o
 .text.FLEXCAN_EnterFreezeMode
                0x00006bf4       0x3c ./drivers/fsl_flexcan.o
                0x00006bf4                FLEXCAN_EnterFreezeMode
 .text.FLEXCAN_ExitFreezeMode
                0x00006c30       0x3c ./drivers/fsl_flexcan.o
                0x00006c30                FLEXCAN_ExitFreezeMode
 .text.FLEXCAN_IsMbOccupied
                0x00006c6c       0x56 ./drivers/fsl_flexcan.o
 .text.CLOCK_EnableClock
                0x00006cc2       0x34 ./drivers/fsl_uart.o
 .text.UART_WriteBlocking
                0x00006cf6       0x50 ./drivers/fsl_uart.o
                0x00006cf6                UART_WriteBlocking
 .text.UART0_RX_TX_DriverIRQHandler
                0x00006d46       0x12 ./drivers/fsl_uart.o
                0x00006d46                UART0_RX_TX_DriverIRQHandler
 .text.UART1_RX_TX_DriverIRQHandler
                0x00006d58       0x12 ./drivers/fsl_uart.o
                0x00006d58                UART1_RX_TX_DriverIRQHandler
 .text.UART2_RX_TX_DriverIRQHandler
                0x00006d6a       0x12 ./drivers/fsl_uart.o
                0x00006d6a                UART2_RX_TX_DriverIRQHandler
 .text.UART3_RX_TX_DriverIRQHandler
                0x00006d7c       0x12 ./drivers/fsl_uart.o
                0x00006d7c                UART3_RX_TX_DriverIRQHandler
 .text.UART4_RX_TX_DriverIRQHandler
                0x00006d8e       0x12 ./drivers/fsl_uart.o
                0x00006d8e                UART4_RX_TX_DriverIRQHandler
 .text.UART5_RX_TX_DriverIRQHandler
                0x00006da0       0x12 ./drivers/fsl_uart.o
                0x00006da0                UART5_RX_TX_DriverIRQHandler
 .text.SystemInitHook
                0x00006db2        0xe ./device/system_MK64F12.o
                0x00006db2                SystemInitHook
 .text.HAL_UartGetStatus
                0x00006dc0       0x22 ./component/uart/fsl_adapter_uart.o
 .text.DisableGlobalIRQ
                0x00006de2       0x22 ./component/serial_manager/fsl_component_serial_manager.o
 .text.EnableGlobalIRQ
                0x00006e04       0x20 ./component/serial_manager/fsl_component_serial_manager.o
 .text.SerialManager_StartWriting
                0x00006e24       0x38 ./component/serial_manager/fsl_component_serial_manager.o
 .text.SerialManager_Write
                0x00006e5c       0x44 ./component/serial_manager/fsl_component_serial_manager.o
 .text.SerialManager_Init
                0x00006ea0       0x60 ./component/serial_manager/fsl_component_serial_manager.o
                0x00006ea0                SerialManager_Init
 .text.SerialManager_OpenWriteHandle
                0x00006f00       0x50 ./component/serial_manager/fsl_component_serial_manager.o
                0x00006f00                SerialManager_OpenWriteHandle
 .text.SerialManager_OpenReadHandle
                0x00006f50       0x60 ./component/serial_manager/fsl_component_serial_manager.o
                0x00006f50                SerialManager_OpenReadHandle
 .text.SerialManager_WriteBlocking
                0x00006fb0       0x20 ./component/serial_manager/fsl_component_serial_manager.o
                0x00006fb0                SerialManager_WriteBlocking
 .text.Serial_UartInit
                0x00006fd0       0x3e ./component/serial_manager/fsl_component_serial_port_uart.o
                0x00006fd0                Serial_UartInit
 .text.Serial_UartWrite
                0x0000700e       0x38 ./component/serial_manager/fsl_component_serial_port_uart.o
                0x0000700e                Serial_UartWrite
 .text.BOARD_InitDebugConsole
                0x00007046       0x22 ./board/board.o
                0x00007046                BOARD_InitDebugConsole
 .text.BOARD_InitBootClocks
                0x00007068        0xc ./board/clock_config.o
                0x00007068                BOARD_InitBootClocks
 .text.BOARD_InitPeripherals
                0x00007074        0xe ./board/peripherals.o
                0x00007074                BOARD_InitPeripherals
 .text.BOARD_InitBootPeripherals
                0x00007082        0xc ./board/peripherals.o
                0x00007082                BOARD_InitBootPeripherals
 .text.CLOCK_EnableClock
                0x0000708e       0x34 ./board/pin_mux.o
 .text.PORT_SetPinMux
                0x000070c2       0x3a ./board/pin_mux.o
 .text.BOARD_InitBootPins
                0x000070fc       0x10 ./board/pin_mux.o
                0x000070fc                BOARD_InitBootPins
 .text.__main   0x0000710c        0xe d:/nxp/mcuxpressoide_11.2.0_4120/ide/plugins/com.nxp.mcuxpresso.tools.win32_11.2.0.202001021529/tools/bin/../lib/gcc/arm-none-eabi/9.2.1/../../../../arm-none-eabi/lib/thumb/v7e-m+fp/hard\libcr_nohost_nf.a(_cr__main.o)
                0x0000710c                __main
 .text.__sys_appexit
                0x0000711a        0x2 d:/nxp/mcuxpressoide_11.2.0_4120/ide/plugins/com.nxp.mcuxpresso.tools.win32_11.2.0.202001021529/tools/bin/../lib/gcc/arm-none-eabi/9.2.1/../../../../arm-none-eabi/lib/thumb/v7e-m+fp/hard\libcr_nohost_nf.a(__sys_appexit.o)
                0x0000711a                __sys_appexit
                0x0000711a                __exit
 .text.memcpy   0x0000711c        0x4 d:/nxp/mcuxpressoide_11.2.0_4120/ide/plugins/com.nxp.mcuxpresso.tools.win32_11.2.0.202001021529/tools/bin/../lib/gcc/arm-none-eabi/9.2.1/../../../../arm-none-eabi/lib/thumb/v7e-m+fp/hard\libcr_c.a(memcpy.o)
                0x0000711c                memcpy
 .text.memset   0x00007120        0x4 d:/nxp/mcuxpressoide_11.2.0_4120/ide/plugins/com.nxp.mcuxpresso.tools.win32_11.2.0.202001021529/tools/bin/../lib/gcc/arm-none-eabi/9.2.1/../../../../arm-none-eabi/lib/thumb/v7e-m+fp/hard\libcr_c.a(memset.o)
                0x00007120                memset
 .text._deferredlazyseek
                0x00007124       0x40 d:/nxp/mcuxpressoide_11.2.0_4120/ide/plugins/com.nxp.mcuxpresso.tools.win32_11.2.0.202001021529/tools/bin/../lib/gcc/arm-none-eabi/9.2.1/../../../../arm-none-eabi/lib/thumb/v7e-m+fp/hard\libcr_c.a(_deferredlazyseek.o)
                0x00007124                _deferredlazyseek
 .text.__flsbuf
                0x00007164      0x140 d:/nxp/mcuxpressoide_11.2.0_4120/ide/plugins/com.nxp.mcuxpresso.tools.win32_11.2.0.202001021529/tools/bin/../lib/gcc/arm-none-eabi/9.2.1/../../../../arm-none-eabi/lib/thumb/v7e-m+fp/hard\libcr_c.a(_deferredlazyseek.o)
                0x00007164                __flsbuf
 .text._fflush  0x000072a4       0x52 d:/nxp/mcuxpressoide_11.2.0_4120/ide/plugins/com.nxp.mcuxpresso.tools.win32_11.2.0.202001021529/tools/bin/../lib/gcc/arm-none-eabi/9.2.1/../../../../arm-none-eabi/lib/thumb/v7e-m+fp/hard\libcr_c.a(_fflush.o)
                0x000072a4                _fflush
 .text.free     0x000072f6       0x30 d:/nxp/mcuxpressoide_11.2.0_4120/ide/plugins/com.nxp.mcuxpresso.tools.win32_11.2.0.202001021529/tools/bin/../lib/gcc/arm-none-eabi/9.2.1/../../../../arm-none-eabi/lib/thumb/v7e-m+fp/hard\libcr_c.a(alloc.o)
                0x000072f6                free
 .text.fputs    0x00007326       0x2c d:/nxp/mcuxpressoide_11.2.0_4120/ide/plugins/com.nxp.mcuxpresso.tools.win32_11.2.0.202001021529/tools/bin/../lib/gcc/arm-none-eabi/9.2.1/../../../../arm-none-eabi/lib/thumb/v7e-m+fp/hard\libcr_c.a(fputs.o)
                0x00007326                fputs
 .text.setvbuf  0x00007352       0x3e d:/nxp/mcuxpressoide_11.2.0_4120/ide/plugins/com.nxp.mcuxpresso.tools.win32_11.2.0.202001021529/tools/bin/../lib/gcc/arm-none-eabi/9.2.1/../../../../arm-none-eabi/lib/thumb/v7e-m+fp/hard\libcr_c.a(setvbuf.o)
                0x00007352                setvbuf
 .text.strlen   0x00007390       0x4c d:/nxp/mcuxpressoide_11.2.0_4120/ide/plugins/com.nxp.mcuxpresso.tools.win32_11.2.0.202001021529/tools/bin/../lib/gcc/arm-none-eabi/9.2.1/../../../../arm-none-eabi/lib/thumb/v7e-m+fp/hard\libcr_c.a(strlen.o)
                0x00007390                strlen
 .text._fdopen  0x000073dc       0x68 d:/nxp/mcuxpressoide_11.2.0_4120/ide/plugins/com.nxp.mcuxpresso.tools.win32_11.2.0.202001021529/tools/bin/../lib/gcc/arm-none-eabi/9.2.1/../../../../arm-none-eabi/lib/thumb/v7e-m+fp/hard\libcr_c.a(_fdopen.o)
                0x000073dc                _fdopen
 .text.fclose   0x00007444       0x58 d:/nxp/mcuxpressoide_11.2.0_4120/ide/plugins/com.nxp.mcuxpresso.tools.win32_11.2.0.202001021529/tools/bin/../lib/gcc/arm-none-eabi/9.2.1/../../../../arm-none-eabi/lib/thumb/v7e-m+fp/hard\libcr_c.a(fclose.o)
                0x00007444                fclose
 .text.remove   0x0000749c       0x14 d:/nxp/mcuxpressoide_11.2.0_4120/ide/plugins/com.nxp.mcuxpresso.tools.win32_11.2.0.202001021529/tools/bin/../lib/gcc/arm-none-eabi/9.2.1/../../../../arm-none-eabi/lib/thumb/v7e-m+fp/hard\libcr_c.a(remove.o)
                0x0000749c                remove
 .text._do_fflush
                0x000074b0       0x40 d:/nxp/mcuxpressoide_11.2.0_4120/ide/plugins/com.nxp.mcuxpresso.tools.win32_11.2.0.202001021529/tools/bin/../lib/gcc/arm-none-eabi/9.2.1/../../../../arm-none-eabi/lib/thumb/v7e-m+fp/hard\libcr_c.a(_do_fflush.o)
                0x000074b0                _do_fflush
 .text.__aeabi_memcpy
                0x000074f0       0x34 d:/nxp/mcuxpressoide_11.2.0_4120/ide/plugins/com.nxp.mcuxpresso.tools.win32_11.2.0.202001021529/tools/bin/../lib/gcc/arm-none-eabi/9.2.1/thumb/v7e-m+fp/hard\libcr_eabihelpers.a(memcpy.o)
                0x000074f0                __aeabi_memcpy
                0x000074fa                __aeabi_memcpy8
                0x000074fa                __aeabi_memcpy4
 .text.__aeabi_memset_lowlevel
                0x00007524       0x32 d:/nxp/mcuxpressoide_11.2.0_4120/ide/plugins/com.nxp.mcuxpresso.tools.win32_11.2.0.202001021529/tools/bin/../lib/gcc/arm-none-eabi/9.2.1/thumb/v7e-m+fp/hard\libcr_eabihelpers.a(memcpy.o)
                0x00007524                __aeabi_lowlevel_memset
 .text.__sys_close
                0x00007556        0x6 d:/nxp/mcuxpressoide_11.2.0_4120/ide/plugins/com.nxp.mcuxpresso.tools.win32_11.2.0.202001021529/tools/bin/../lib/gcc/arm-none-eabi/9.2.1/../../../../arm-none-eabi/lib/thumb/v7e-m+fp/hard\libcr_nohost_nf.a(__sys_close.o)
                0x00007556                __sys_close
 .text.__sys_flen
                0x0000755c        0x6 d:/nxp/mcuxpressoide_11.2.0_4120/ide/plugins/com.nxp.mcuxpresso.tools.win32_11.2.0.202001021529/tools/bin/../lib/gcc/arm-none-eabi/9.2.1/../../../../arm-none-eabi/lib/thumb/v7e-m+fp/hard\libcr_nohost_nf.a(__sys_flen.o)
                0x0000755c                __sys_flen
 .text.__sys_istty
                0x00007562        0x6 d:/nxp/mcuxpressoide_11.2.0_4120/ide/plugins/com.nxp.mcuxpresso.tools.win32_11.2.0.202001021529/tools/bin/../lib/gcc/arm-none-eabi/9.2.1/../../../../arm-none-eabi/lib/thumb/v7e-m+fp/hard\libcr_nohost_nf.a(__sys_istty.o)
                0x00007562                __sys_istty
 .text.__sys_remove
                0x00007568        0x6 d:/nxp/mcuxpressoide_11.2.0_4120/ide/plugins/com.nxp.mcuxpresso.tools.win32_11.2.0.202001021529/tools/bin/../lib/gcc/arm-none-eabi/9.2.1/../../../../arm-none-eabi/lib/thumb/v7e-m+fp/hard\libcr_nohost_nf.a(__sys_remove.o)
                0x00007568                __sys_remove
 .text.__sys_seek
                0x0000756e        0x6 d:/nxp/mcuxpressoide_11.2.0_4120/ide/plugins/com.nxp.mcuxpresso.tools.win32_11.2.0.202001021529/tools/bin/../lib/gcc/arm-none-eabi/9.2.1/../../../../arm-none-eabi/lib/thumb/v7e-m+fp/hard\libcr_nohost_nf.a(__sys_seek.o)
                0x0000756e                __sys_seek
 .text.__sys_tmpnam
                0x00007574        0x6 d:/nxp/mcuxpressoide_11.2.0_4120/ide/plugins/com.nxp.mcuxpresso.tools.win32_11.2.0.202001021529/tools/bin/../lib/gcc/arm-none-eabi/9.2.1/../../../../arm-none-eabi/lib/thumb/v7e-m+fp/hard\libcr_nohost_nf.a(__sys_tmpnam.o)
                0x00007574                __sys_tmpnam
 .text.__sys_write
                0x0000757a        0x4 d:/nxp/mcuxpressoide_11.2.0_4120/ide/plugins/com.nxp.mcuxpresso.tools.win32_11.2.0.202001021529/tools/bin/../lib/gcc/arm-none-eabi/9.2.1/../../../../arm-none-eabi/lib/thumb/v7e-m+fp/hard\libcr_nohost_nf.a(__sys_write.o)
                0x0000757a                __sys_write
 *freertos*/tasks.o(SORT_BY_ALIGNMENT(.rodata*))
 *fill*         0x0000757e        0x2 ff
 .rodata.vTaskStartScheduler.str1.4
                0x00007580        0x5 ./freertos/freertos_kernel/tasks.o
 *(SORT_BY_ALIGNMENT(.rodata) SORT_BY_ALIGNMENT(.rodata.*) SORT_BY_ALIGNMENT(.constdata) SORT_BY_ALIGNMENT(.constdata.*))
 *fill*         0x00007585        0x3 ff
 .rodata.ADC16_GetChannelConversionValue.str1.4
                0x00007588       0x82 ./source/MK64F12_Project_can_example.o
 *fill*         0x0000760a        0x2 ff
 .rodata.vTaskTxKeepAlive.str1.4
                0x0000760c        0xd ./source/MK64F12_Project_can_example.o
 *fill*         0x00007619        0x3 ff
 .rodata.vTaskRx5ms.str1.4
                0x0000761c        0x8 ./source/MK64F12_Project_can_example.o
 .rodata.main.str1.4
                0x00007624       0x84 ./source/MK64F12_Project_can_example.o
 .rodata.xPeriod.9308
                0x000076a8        0x4 ./source/MK64F12_Project_can_example.o
 .rodata.xTimerCreateTimerTask.str1.4
                0x000076ac        0x8 ./freertos/freertos_kernel/timers.o
 .rodata.prvCheckForValidListAndQueue.str1.4
                0x000076b4        0x5 ./freertos/freertos_kernel/timers.o
 *fill*         0x000076b9        0x3 ff
 .rodata.s_adc16Bases
                0x000076bc        0x8 ./drivers/fsl_adc16.o
 .rodata.s_adc16Clocks
                0x000076c4        0x8 ./drivers/fsl_adc16.o
 .rodata.ADC16_GetInstance.str1.4
                0x000076cc       0x36 ./drivers/fsl_adc16.o
 *fill*         0x00007702        0x2 ff
 .rodata.ADC16_Init.str1.4
                0x00007704       0x21 ./drivers/fsl_adc16.o
 *fill*         0x00007725        0x3 ff
 .rodata.ADC16_GetDefaultConfig.str1.4
                0x00007728       0x22 ./drivers/fsl_adc16.o
 *fill*         0x0000774a        0x2 ff
 .rodata.ADC16_SetChannelConfig.str1.4
                0x0000774c       0x52 ./drivers/fsl_adc16.o
 *fill*         0x0000779e        0x2 ff
 .rodata.ADC16_GetChannelStatusFlags.str1.4
                0x000077a0       0x30 ./drivers/fsl_adc16.o
 .rodata.CLOCK_GetMcgExtClkFreq.str1.4
                0x000077d0       0x4e ./drivers/fsl_clock.o
 *fill*         0x0000781e        0x2 ff
 .rodata.CLOCK_GetOsc0ErClkFreq.str1.4
                0x00007820       0x1f ./drivers/fsl_clock.o
 *fill*         0x0000783f        0x1 ff
 .rodata.CLOCK_GetEr32kClkFreq.str1.4
                0x00007840       0x20 ./drivers/fsl_clock.o
 .rodata.CLOCK_GetPll0Freq.str1.4
                0x00007860       0x1e ./drivers/fsl_clock.o
 *fill*         0x0000787e        0x2 ff
 .rodata.CLOCK_EnablePll0.str1.4
                0x00007880       0x1b ./drivers/fsl_clock.o
 *fill*         0x0000789b        0x1 ff
 .rodata.CLOCK_SetPbeMode.str1.4
                0x0000789c       0x1b ./drivers/fsl_clock.o
 *fill*         0x000078b7        0x1 ff
 .rodata.CLOCK_BootToPeeMode.str1.4
                0x000078b8       0x1b ./drivers/fsl_clock.o
 *fill*         0x000078d3        0x1 ff
 .rodata.fllFactorTable.8077
                0x000078d4       0x10 ./drivers/fsl_clock.o
 .rodata.FLEXCAN_GetInstance.str1.4
                0x000078e4       0x3b ./drivers/fsl_flexcan.o
 *fill*         0x0000791f        0x1 ff
 .rodata.FLEXCAN_IsMbIntEnabled.str1.4
                0x00007920       0x5f ./drivers/fsl_flexcan.o
 *fill*         0x0000797f        0x1 ff
 .rodata.FLEXCAN_Reset.str1.4
                0x00007980       0x3b ./drivers/fsl_flexcan.o
 *fill*         0x000079bb        0x1 ff
 .rodata.FLEXCAN_SetBaudRate.str1.4
                0x000079bc       0x5e ./drivers/fsl_flexcan.o
 *fill*         0x00007a1a        0x2 ff
 .rodata.FLEXCAN_Init.str1.4
                0x00007a1c       0xb2 ./drivers/fsl_flexcan.o
 *fill*         0x00007ace        0x2 ff
 .rodata.FLEXCAN_GetDefaultConfig.str1.4
                0x00007ad0       0x26 ./drivers/fsl_flexcan.o
 *fill*         0x00007af6        0x2 ff
 .rodata.FLEXCAN_SetTimingConfig.str1.4
                0x00007af8       0x26 ./drivers/fsl_flexcan.o
 *fill*         0x00007b1e        0x2 ff
 .rodata.FLEXCAN_SetTxMbConfig.str1.4
                0x00007b20       0x79 ./drivers/fsl_flexcan.o
 *fill*         0x00007b99        0x3 ff
 .rodata.FLEXCAN_SetRxMbConfig.str1.4
                0x00007b9c       0xbd ./drivers/fsl_flexcan.o
 *fill*         0x00007c59        0x3 ff
 .rodata.FLEXCAN_WriteTxMb.str1.4
                0x00007c5c       0xd1 ./drivers/fsl_flexcan.o
 *fill*         0x00007d2d        0x3 ff
 .rodata.FLEXCAN_ReadRxMb.str1.4
                0x00007d30       0xa1 ./drivers/fsl_flexcan.o
 *fill*         0x00007dd1        0x3 ff
 .rodata.FLEXCAN_ReadRxFifo.str1.4
                0x00007dd4       0x27 ./drivers/fsl_flexcan.o
 *fill*         0x00007dfb        0x1 ff
 .rodata.FLEXCAN_TransferCreateHandle.str1.4
                0x00007dfc       0x25 ./drivers/fsl_flexcan.o
 *fill*         0x00007e21        0x3 ff
 .rodata.FLEXCAN_TransferSendNonBlocking.str1.4
                0x00007e24       0xde ./drivers/fsl_flexcan.o
 *fill*         0x00007f02        0x2 ff
 .rodata.FLEXCAN_TransferReceiveNonBlocking.str1.4
                0x00007f04       0xde ./drivers/fsl_flexcan.o
 *fill*         0x00007fe2        0x2 ff
 .rodata.FLEXCAN_TransferAbortSend.str1.4
                0x00007fe4       0xa1 ./drivers/fsl_flexcan.o
 *fill*         0x00008085        0x3 ff
 .rodata.FLEXCAN_TransferAbortReceive.str1.4
                0x00008088       0xa1 ./drivers/fsl_flexcan.o
 *fill*         0x00008129        0x3 ff
 .rodata.FLEXCAN_TransferAbortReceiveFifo.str1.4
                0x0000812c       0x25 ./drivers/fsl_flexcan.o
 *fill*         0x00008151        0x3 ff
 .rodata.FLEXCAN_TransferHandleIRQ.str1.4
                0x00008154       0x25 ./drivers/fsl_flexcan.o
 *fill*         0x00008179        0x3 ff
 .rodata.CAN0_DriverIRQHandler.str1.4
                0x0000817c       0x31 ./drivers/fsl_flexcan.o
 *fill*         0x000081ad        0x3 ff
 .rodata.s_uartBases
                0x000081b0       0x18 ./drivers/fsl_uart.o
 .rodata.s_uartClock
                0x000081c8       0x18 ./drivers/fsl_uart.o
 .rodata.UART_GetInstance.str1.4
                0x000081e0       0x2c ./drivers/fsl_uart.o
 .rodata.UART_Init.str1.4
                0x0000820c       0xf4 ./drivers/fsl_uart.o
 .rodata.UART_GetDefaultConfig.str1.4
                0x00008300       0x19 ./drivers/fsl_uart.o
 *fill*         0x00008319        0x3 ff
 .rodata.s_UartAdapterBase
                0x0000831c       0x18 ./component/uart/fsl_adapter_uart.o
 .rodata.HAL_UartInit.str1.4
                0x00008334       0xe6 ./component/uart/fsl_adapter_uart.o
 *fill*         0x0000841a        0x2 ff
 .rodata.HAL_UartSendBlocking.str1.4
                0x0000841c       0x65 ./component/uart/fsl_adapter_uart.o
 *fill*         0x00008481        0x3 ff
 .rodata.mcgConfig_BOARD_BootClockRUN
                0x00008484        0xb ./board/clock_config.o
                0x00008484                mcgConfig_BOARD_BootClockRUN
 *fill*         0x0000848f        0x1 ff
 .rodata.simConfig_BOARD_BootClockRUN
                0x00008490        0x8 ./board/clock_config.o
                0x00008490                simConfig_BOARD_BootClockRUN
 .rodata.oscConfig_BOARD_BootClockRUN
                0x00008498        0x8 ./board/clock_config.o
                0x00008498                oscConfig_BOARD_BootClockRUN
 .rodata.PORT_SetPinConfig.str1.4
                0x000084a0       0x44 ./board/pin_mux.o
 .rodata.__num_Ciob_streams
                0x000084e4        0x4 d:/nxp/mcuxpressoide_11.2.0_4120/ide/plugins/com.nxp.mcuxpresso.tools.win32_11.2.0.202001021529/tools/bin/../lib/gcc/arm-none-eabi/9.2.1/../../../../arm-none-eabi/lib/thumb/v7e-m+fp/hard\libcr_nohost_nf.a(__ciob.o)
                0x000084e4                __num_Ciob_streams
 .rodata.__assertion_failed.str1.1
                0x000084e8       0x15 d:/nxp/mcuxpressoide_11.2.0_4120/ide/plugins/com.nxp.mcuxpresso.tools.win32_11.2.0.202001021529/tools/bin/../lib/gcc/arm-none-eabi/9.2.1/../../../../arm-none-eabi/lib/thumb/v7e-m+fp/hard\libcr_nohost_nf.a(_cr_assert.o)
 .rodata._Csys_alloc.str1.1
                0x000084fd       0x18 d:/nxp/mcuxpressoide_11.2.0_4120/ide/plugins/com.nxp.mcuxpresso.tools.win32_11.2.0.202001021529/tools/bin/../lib/gcc/arm-none-eabi/9.2.1/../../../../arm-none-eabi/lib/thumb/v7e-m+fp/hard\libcr_c.a(alloc.o)
 .rodata._initio.str1.1
                0x00008515        0x4 d:/nxp/mcuxpressoide_11.2.0_4120/ide/plugins/com.nxp.mcuxpresso.tools.win32_11.2.0.202001021529/tools/bin/../lib/gcc/arm-none-eabi/9.2.1/../../../../arm-none-eabi/lib/thumb/v7e-m+fp/hard\libcr_c.a(initio.o)
                0x00008520                . = ALIGN (0x8)
 *fill*         0x00008519        0x7 ff

.glue_7         0x00008520        0x0
 .glue_7        0x00008520        0x0 linker stubs

.glue_7t        0x00008520        0x0
 .glue_7t       0x00008520        0x0 linker stubs

.vfp11_veneer   0x00008520        0x0
 .vfp11_veneer  0x00008520        0x0 linker stubs

.v4_bx          0x00008520        0x0
 .v4_bx         0x00008520        0x0 linker stubs

.iplt           0x00008520        0x0
 .iplt          0x00008520        0x0 ./utilities/fsl_debug_console.o

.rel.dyn        0x00008520        0x0
 .rel.iplt      0x00008520        0x0 ./utilities/fsl_debug_console.o

.ARM.extab
 *(SORT_BY_ALIGNMENT(.ARM.extab*) SORT_BY_ALIGNMENT(.gnu.linkonce.armextab.*))

.ARM.exidx      0x00008520        0x0
                0x00008520                __exidx_start = .
 *(SORT_BY_ALIGNMENT(.ARM.exidx*) SORT_BY_ALIGNMENT(.gnu.linkonce.armexidx.*))
                0x00008520                __exidx_end = .
                0x00008520                _etext = .

.m_usb_data
 *(SORT_BY_ALIGNMENT(m_usb_bdt))

.data_RAM2      0x1fff0000        0x0 load address 0x00008520
 FILL mask 0xff
                [!provide]                PROVIDE (__start_data_RAM2 = .)
                [!provide]                PROVIDE (__start_data_SRAM_LOWER = .)
 *(SORT_BY_ALIGNMENT(.ramfunc.$RAM2))
 *(SORT_BY_ALIGNMENT(.ramfunc.$SRAM_LOWER))
 *(SORT_BY_ALIGNMENT(.data.$RAM2))
 *(SORT_BY_ALIGNMENT(.data.$SRAM_LOWER))
 *(SORT_BY_ALIGNMENT(.data.$RAM2.*))
 *(SORT_BY_ALIGNMENT(.data.$SRAM_LOWER.*))
                0x1fff0000                . = ALIGN (0x8)
                [!provide]                PROVIDE (__end_data_RAM2 = .)
                [!provide]                PROVIDE (__end_data_SRAM_LOWER = .)

.data_RAM3      0x14000000        0x0 load address 0x00008520
 FILL mask 0xff
                [!provide]                PROVIDE (__start_data_RAM3 = .)
                [!provide]                PROVIDE (__start_data_FLEX_RAM = .)
 *(SORT_BY_ALIGNMENT(.ramfunc.$RAM3))
 *(SORT_BY_ALIGNMENT(.ramfunc.$FLEX_RAM))
 *(SORT_BY_ALIGNMENT(.data.$RAM3))
 *(SORT_BY_ALIGNMENT(.data.$FLEX_RAM))
 *(SORT_BY_ALIGNMENT(.data.$RAM3.*))
 *(SORT_BY_ALIGNMENT(.data.$FLEX_RAM.*))
                0x14000000                . = ALIGN (0x8)
                [!provide]                PROVIDE (__end_data_RAM3 = .)
                [!provide]                PROVIDE (__end_data_FLEX_RAM = .)

.uninit_RESERVED
                0x20000000        0x0
                0x20000000                _start_uninit_RESERVED = .
 *(SORT_BY_ALIGNMENT(.bss.$RESERVED*))
                0x20000000                . = ALIGN (0x8)
                0x20000000                _end_uninit_RESERVED = .

.data           0x20000000       0x18 load address 0x00008520
 FILL mask 0xff
                0x20000000                _data = .
                [!provide]                PROVIDE (__start_data_RAM = .)
                [!provide]                PROVIDE (__start_data_SRAM_UPPER = .)
 *(SORT_BY_ALIGNMENT(vtable))
 *(SORT_BY_ALIGNMENT(.ramfunc*))
 *(SORT_BY_ALIGNMENT(CodeQuickAccess))
 *(SORT_BY_ALIGNMENT(DataQuickAccess))
 *(SORT_BY_ALIGNMENT(RamFunction))
 *(SORT_BY_ALIGNMENT(.data*))
 .data.uxCriticalNesting
                0x20000000        0x4 ./freertos/freertos_kernel/portable/GCC/ARM_CM4F/port.o
 .data.s_slowIrcFreq
                0x20000004        0x4 ./drivers/fsl_clock.o
 .data.s_fastIrcFreq
                0x20000008        0x4 ./drivers/fsl_clock.o
 .data.SystemCoreClock
                0x2000000c        0x4 ./device/system_MK64F12.o
                0x2000000c                SystemCoreClock
 .data.g_period_ms
                0x20000010        0x2 ./source/MK64F12_Project_can_example.o
                0x20000010                g_period_ms
                0x20000018                . = ALIGN (0x8)
 *fill*         0x20000012        0x6 ff
                0x20000018                _edata = .
                [!provide]                PROVIDE (__end_data_RAM = .)
                [!provide]                PROVIDE (__end_data_SRAM_UPPER = .)

.igot.plt       0x20000018        0x0 load address 0x00008538
 .igot.plt      0x20000018        0x0 ./utilities/fsl_debug_console.o

.bss_RAM2       0x1fff0000        0x0
                [!provide]                PROVIDE (__start_bss_RAM2 = .)
                [!provide]                PROVIDE (__start_bss_SRAM_LOWER = .)
 *(SORT_BY_ALIGNMENT(.bss.$RAM2))
 *(SORT_BY_ALIGNMENT(.bss.$SRAM_LOWER))
 *(SORT_BY_ALIGNMENT(.bss.$RAM2.*))
 *(SORT_BY_ALIGNMENT(.bss.$SRAM_LOWER.*))
                0x1fff0000                . = ALIGN ((. != 0x0)?0x8:0x1)
                [!provide]                PROVIDE (__end_bss_RAM2 = .)
                [!provide]                PROVIDE (__end_bss_SRAM_LOWER = .)

.bss_RAM3       0x14000000        0x0
                [!provide]                PROVIDE (__start_bss_RAM3 = .)
                [!provide]                PROVIDE (__start_bss_FLEX_RAM = .)
 *(SORT_BY_ALIGNMENT(.bss.$RAM3))
 *(SORT_BY_ALIGNMENT(.bss.$FLEX_RAM))
 *(SORT_BY_ALIGNMENT(.bss.$RAM3.*))
 *(SORT_BY_ALIGNMENT(.bss.$FLEX_RAM.*))
                0x14000000                . = ALIGN ((. != 0x0)?0x8:0x1)
                [!provide]                PROVIDE (__end_bss_RAM3 = .)
                [!provide]                PROVIDE (__end_bss_FLEX_RAM = .)

.bss            0x20000018     0x2bd0
                0x20000018                _bss = .
                [!provide]                PROVIDE (__start_bss_RAM = .)
                [!provide]                PROVIDE (__start_bss_SRAM_UPPER = .)
 *(SORT_BY_ALIGNMENT(.bss*))
 .bss.s_debugConsoleState
                0x20000018       0x20 ./utilities/fsl_debug_console.o
 .bss.g_serialHandle
                0x20000038        0x4 ./utilities/fsl_debug_console.o
                0x20000038                g_serialHandle
 .bss.flexcanHandle
                0x2000003c       0xa0 ./source/MK64F12_Project_can_example.o
                0x2000003c                flexcanHandle
 .bss.txBatLvlMb
                0x200000dc        0x8 ./source/MK64F12_Project_can_example.o
                0x200000dc                txBatLvlMb
 .bss.rxXfer    0x200000e4        0x8 ./source/MK64F12_Project_can_example.o
                0x200000e4                rxXfer
 .bss.txKeepAliveMb
                0x200000ec        0x8 ./source/MK64F12_Project_can_example.o
                0x200000ec                txKeepAliveMb
 .bss.txBatLvlFrame
                0x200000f4       0x10 ./source/MK64F12_Project_can_example.o
                0x200000f4                txBatLvlFrame
 .bss.rxFrame   0x20000104       0x10 ./source/MK64F12_Project_can_example.o
                0x20000104                rxFrame
 .bss.txKeepAliveFrame
                0x20000114       0x10 ./source/MK64F12_Project_can_example.o
                0x20000114                txKeepAliveFrame
 .bss.adc_init.9270
                0x20000124        0x4 ./source/MK64F12_Project_can_example.o
 .bss.adc16ConfigStruct.9271
                0x20000128        0xa ./source/MK64F12_Project_can_example.o
 *fill*         0x20000132        0x2 
 .bss.adc16ChannelConfigStruct.9272
                0x20000134        0x8 ./source/MK64F12_Project_can_example.o
 .bss.ucHeap    0x2000013c     0x2800 ./freertos/freertos_kernel/portable/MemMang/heap_4.o
 .bss.xStart    0x2000293c        0x8 ./freertos/freertos_kernel/portable/MemMang/heap_4.o
 .bss.pxEnd     0x20002944        0x4 ./freertos/freertos_kernel/portable/MemMang/heap_4.o
 .bss.xFreeBytesRemaining
                0x20002948        0x4 ./freertos/freertos_kernel/portable/MemMang/heap_4.o
 .bss.xMinimumEverFreeBytesRemaining
                0x2000294c        0x4 ./freertos/freertos_kernel/portable/MemMang/heap_4.o
 .bss.xNumberOfSuccessfulAllocations
                0x20002950        0x4 ./freertos/freertos_kernel/portable/MemMang/heap_4.o
 .bss.xNumberOfSuccessfulFrees
                0x20002954        0x4 ./freertos/freertos_kernel/portable/MemMang/heap_4.o
 .bss.xBlockAllocatedBit
                0x20002958        0x4 ./freertos/freertos_kernel/portable/MemMang/heap_4.o
 .bss.ulMaxPRIGROUPValue
                0x2000295c        0x4 ./freertos/freertos_kernel/portable/GCC/ARM_CM4F/port.o
 .bss.xQueueRegistry
                0x20002960       0x40 ./freertos/freertos_kernel/queue.o
                0x20002960                xQueueRegistry
 .bss.pxCurrentTCB
                0x200029a0        0x4 ./freertos/freertos_kernel/tasks.o
                0x200029a0                pxCurrentTCB
 .bss.pxReadyTasksLists
                0x200029a4       0x64 ./freertos/freertos_kernel/tasks.o
 .bss.xDelayedTaskList1
                0x20002a08       0x14 ./freertos/freertos_kernel/tasks.o
 .bss.xDelayedTaskList2
                0x20002a1c       0x14 ./freertos/freertos_kernel/tasks.o
 .bss.pxDelayedTaskList
                0x20002a30        0x4 ./freertos/freertos_kernel/tasks.o
 .bss.pxOverflowDelayedTaskList
                0x20002a34        0x4 ./freertos/freertos_kernel/tasks.o
 .bss.xPendingReadyList
                0x20002a38       0x14 ./freertos/freertos_kernel/tasks.o
 .bss.xTasksWaitingTermination
                0x20002a4c       0x14 ./freertos/freertos_kernel/tasks.o
 .bss.uxDeletedTasksWaitingCleanUp
                0x20002a60        0x4 ./freertos/freertos_kernel/tasks.o
 .bss.xSuspendedTaskList
                0x20002a64       0x14 ./freertos/freertos_kernel/tasks.o
 .bss.uxCurrentNumberOfTasks
                0x20002a78        0x4 ./freertos/freertos_kernel/tasks.o
 .bss.xTickCount
                0x20002a7c        0x4 ./freertos/freertos_kernel/tasks.o
 .bss.uxTopReadyPriority
                0x20002a80        0x4 ./freertos/freertos_kernel/tasks.o
 .bss.xSchedulerRunning
                0x20002a84        0x4 ./freertos/freertos_kernel/tasks.o
 .bss.xPendedTicks
                0x20002a88        0x4 ./freertos/freertos_kernel/tasks.o
 .bss.xYieldPending
                0x20002a8c        0x4 ./freertos/freertos_kernel/tasks.o
 .bss.xNumOfOverflows
                0x20002a90        0x4 ./freertos/freertos_kernel/tasks.o
 .bss.uxTaskNumber
                0x20002a94        0x4 ./freertos/freertos_kernel/tasks.o
 .bss.xNextTaskUnblockTime
                0x20002a98        0x4 ./freertos/freertos_kernel/tasks.o
 .bss.xIdleTaskHandle
                0x20002a9c        0x4 ./freertos/freertos_kernel/tasks.o
 .bss.uxSchedulerSuspended
                0x20002aa0        0x4 ./freertos/freertos_kernel/tasks.o
 .bss.xActiveTimerList1
                0x20002aa4       0x14 ./freertos/freertos_kernel/timers.o
 .bss.xActiveTimerList2
                0x20002ab8       0x14 ./freertos/freertos_kernel/timers.o
 .bss.pxCurrentTimerList
                0x20002acc        0x4 ./freertos/freertos_kernel/timers.o
 .bss.pxOverflowTimerList
                0x20002ad0        0x4 ./freertos/freertos_kernel/timers.o
 .bss.xTimerQueue
                0x20002ad4        0x4 ./freertos/freertos_kernel/timers.o
 .bss.xTimerTaskHandle
                0x20002ad8        0x4 ./freertos/freertos_kernel/timers.o
 .bss.xLastTime.6001
                0x20002adc        0x4 ./freertos/freertos_kernel/timers.o
 .bss.g_xtal0Freq
                0x20002ae0        0x4 ./drivers/fsl_clock.o
                0x20002ae0                g_xtal0Freq
 .bss.g_xtal32Freq
                0x20002ae4        0x4 ./drivers/fsl_clock.o
                0x20002ae4                g_xtal32Freq
 .bss.s_flexcanHandle
                0x20002ae8        0x4 ./drivers/fsl_flexcan.o
 .bss.s_flexcanIsr
                0x20002aec        0x4 ./drivers/fsl_flexcan.o
 .bss.s_i2cHandle
                0x20002af0        0xc ./drivers/fsl_i2c.o
 .bss.s_i2cMasterIsr
                0x20002afc        0x4 ./drivers/fsl_i2c.o
 .bss.s_i2cSlaveIsr
                0x20002b00        0x4 ./drivers/fsl_i2c.o
 .bss.s_uartHandle
                0x20002b04       0x18 ./drivers/fsl_uart.o
 .bss.s_uartIsr
                0x20002b1c        0x4 ./drivers/fsl_uart.o
 .bss.__Ciob    0x20002b20       0xb4 d:/nxp/mcuxpressoide_11.2.0_4120/ide/plugins/com.nxp.mcuxpresso.tools.win32_11.2.0.202001021529/tools/bin/../lib/gcc/arm-none-eabi/9.2.1/../../../../arm-none-eabi/lib/thumb/v7e-m+fp/hard\libcr_nohost_nf.a(__ciob.o)
                0x20002b20                __Ciob
 .bss.errno     0x20002bd4        0x4 d:/nxp/mcuxpressoide_11.2.0_4120/ide/plugins/com.nxp.mcuxpresso.tools.win32_11.2.0.202001021529/tools/bin/../lib/gcc/arm-none-eabi/9.2.1/../../../../arm-none-eabi/lib/thumb/v7e-m+fp/hard\libcr_c.a(errno.o)
                0x20002bd4                errno
 .bss.__end_of_heap
                0x20002bd8        0x4 d:/nxp/mcuxpressoide_11.2.0_4120/ide/plugins/com.nxp.mcuxpresso.tools.win32_11.2.0.202001021529/tools/bin/../lib/gcc/arm-none-eabi/9.2.1/../../../../arm-none-eabi/lib/thumb/v7e-m+fp/hard\libcr_c.a(__init_alloc.o)
                0x20002bd8                __end_of_heap
 .bss.__heaps   0x20002bdc        0x4 d:/nxp/mcuxpressoide_11.2.0_4120/ide/plugins/com.nxp.mcuxpresso.tools.win32_11.2.0.202001021529/tools/bin/../lib/gcc/arm-none-eabi/9.2.1/../../../../arm-none-eabi/lib/thumb/v7e-m+fp/hard\libcr_c.a(__init_alloc.o)
                0x20002bdc                __heaps
 .bss.s_debugConsoleReadWaitSemaphore
                0x20002be0        0x1 ./utilities/fsl_debug_console.o
 .bss.txComplete
                0x20002be1        0x1 ./source/MK64F12_Project_can_example.o
                0x20002be1                txComplete
 .bss.rxComplete
                0x20002be2        0x1 ./source/MK64F12_Project_can_example.o
                0x20002be2                rxComplete
 .bss.RxMBID    0x20002be3        0x1 ./source/MK64F12_Project_can_example.o
                0x20002be3                RxMBID
 .bss.ucMaxSysCallPriority
                0x20002be4        0x1 ./freertos/freertos_kernel/portable/GCC/ARM_CM4F/port.o
 *(SORT_BY_ALIGNMENT(COMMON))
                0x20002be8                . = ALIGN (0x8)
 *fill*         0x20002be5        0x3 
                0x20002be8                _ebss = .
                [!provide]                PROVIDE (__end_bss_RAM = .)
                [!provide]                PROVIDE (__end_bss_SRAM_UPPER = .)
                [!provide]                PROVIDE (end = .)

.noinit_RAM2    0x1fff0000        0x0
                [!provide]                PROVIDE (__start_noinit_RAM2 = .)
                [!provide]                PROVIDE (__start_noinit_SRAM_LOWER = .)
 *(SORT_BY_ALIGNMENT(.noinit.$RAM2))
 *(SORT_BY_ALIGNMENT(.noinit.$SRAM_LOWER))
 *(SORT_BY_ALIGNMENT(.noinit.$RAM2.*))
 *(SORT_BY_ALIGNMENT(.noinit.$SRAM_LOWER.*))
                0x1fff0000                . = ALIGN (0x8)
                [!provide]                PROVIDE (__end_noinit_RAM2 = .)
                [!provide]                PROVIDE (__end_noinit_SRAM_LOWER = .)

.noinit_RAM3    0x14000000        0x0
                [!provide]                PROVIDE (__start_noinit_RAM3 = .)
                [!provide]                PROVIDE (__start_noinit_FLEX_RAM = .)
 *(SORT_BY_ALIGNMENT(.noinit.$RAM3))
 *(SORT_BY_ALIGNMENT(.noinit.$FLEX_RAM))
 *(SORT_BY_ALIGNMENT(.noinit.$RAM3.*))
 *(SORT_BY_ALIGNMENT(.noinit.$FLEX_RAM.*))
                0x14000000                . = ALIGN (0x8)
                [!provide]                PROVIDE (__end_noinit_RAM3 = .)
                [!provide]                PROVIDE (__end_noinit_FLEX_RAM = .)

.noinit         0x20002be8        0x0
                0x20002be8                _noinit = .
                [!provide]                PROVIDE (__start_noinit_RAM = .)
                [!provide]                PROVIDE (__start_noinit_SRAM_UPPER = .)
 *(SORT_BY_ALIGNMENT(.noinit*))
                0x20002be8                . = ALIGN (0x8)
                0x20002be8                _end_noinit = .
                [!provide]                PROVIDE (__end_noinit_RAM = .)
                [!provide]                PROVIDE (__end_noinit_SRAM_UPPER = .)
                0x00001000                _HeapSize = 0x1000

.heap           0x20002be8     0x1000
                0x20002be8                _pvHeapStart = .
                0x20003be8                . = (. + _HeapSize)
 *fill*         0x20002be8     0x1000 
                0x20003be8                . = ALIGN (0x8)
                0x20003be8                _pvHeapLimit = .
                0x00001000                _StackSize = 0x1000

.heap2stackfill
                0x20003be8     0x1000
                0x20004be8                . = (. + _StackSize)
 *fill*         0x20003be8     0x1000 

.stack          0x2002f000        0x0
                0x2002f000                _vStackBase = .
                0x2002f000                . = ALIGN (0x8)
                0x20030000                _vStackTop = (. + _StackSize)
                0x00000000                _image_start = LOADADDR (.text)
                0x00008538                _image_end = (LOADADDR (.data) + SIZEOF (.data))
                0x00008538                _image_size = (_image_end - _image_start)
OUTPUT(Node_p2.axf elf32-littlearm)

.debug_info     0x00000000    0x15eeb
 .debug_info    0x00000000      0xbb8 ./utilities/fsl_debug_console.o
 .debug_info    0x00000bb8      0xb38 ./utilities/fsl_str.o
 .debug_info    0x000016f0      0x92e ./startup/startup_mk64f12.o
 .debug_info    0x0000201e     0x1b27 ./source/MK64F12_Project_can_example.o
 .debug_info    0x00003b45       0x3c ./source/semihost_hardfault.o
 .debug_info    0x00003b81      0x505 ./freertos/freertos_kernel/portable/MemMang/heap_4.o
 .debug_info    0x00004086      0x511 ./freertos/freertos_kernel/portable/GCC/ARM_CM4F/port.o
 .debug_info    0x00004597      0x302 ./freertos/freertos_kernel/list.o
 .debug_info    0x00004899     0x16db ./freertos/freertos_kernel/queue.o
 .debug_info    0x00005f74     0x2069 ./freertos/freertos_kernel/tasks.o
 .debug_info    0x00007fdd      0xeb6 ./freertos/freertos_kernel/timers.o
 .debug_info    0x00008e93      0xeac ./drivers/fsl_adc16.o
 .debug_info    0x00009d3f     0x21e2 ./drivers/fsl_clock.o
 .debug_info    0x0000bf21     0x242e ./drivers/fsl_flexcan.o
 .debug_info    0x0000e34f     0x1f30 ./drivers/fsl_i2c.o
 .debug_info    0x0001027f     0x1de7 ./drivers/fsl_uart.o
 .debug_info    0x00012066      0x69f ./device/system_MK64F12.o
 .debug_info    0x00012705      0xac8 ./component/uart/fsl_adapter_uart.o
 .debug_info    0x000131cd      0x962 ./component/serial_manager/fsl_component_serial_manager.o
 .debug_info    0x00013b2f      0x4f1 ./component/serial_manager/fsl_component_serial_port_uart.o
 .debug_info    0x00014020      0x4c8 ./board/board.o
 .debug_info    0x000144e8      0xd08 ./board/clock_config.o
 .debug_info    0x000151f0       0x4e ./board/peripherals.o
 .debug_info    0x0001523e      0xcad ./board/pin_mux.o

.debug_abbrev   0x00000000     0x35c9
 .debug_abbrev  0x00000000      0x251 ./utilities/fsl_debug_console.o
 .debug_abbrev  0x00000251      0x26c ./utilities/fsl_str.o
 .debug_abbrev  0x000004bd      0x17a ./startup/startup_mk64f12.o
 .debug_abbrev  0x00000637      0x32f ./source/MK64F12_Project_can_example.o
 .debug_abbrev  0x00000966       0x31 ./source/semihost_hardfault.o
 .debug_abbrev  0x00000997      0x209 ./freertos/freertos_kernel/portable/MemMang/heap_4.o
 .debug_abbrev  0x00000ba0      0x259 ./freertos/freertos_kernel/portable/GCC/ARM_CM4F/port.o
 .debug_abbrev  0x00000df9      0x12d ./freertos/freertos_kernel/list.o
 .debug_abbrev  0x00000f26      0x2d9 ./freertos/freertos_kernel/queue.o
 .debug_abbrev  0x000011ff      0x30b ./freertos/freertos_kernel/tasks.o
 .debug_abbrev  0x0000150a      0x286 ./freertos/freertos_kernel/timers.o
 .debug_abbrev  0x00001790      0x299 ./drivers/fsl_adc16.o
 .debug_abbrev  0x00001a29      0x371 ./drivers/fsl_clock.o
 .debug_abbrev  0x00001d9a      0x323 ./drivers/fsl_flexcan.o
 .debug_abbrev  0x000020bd      0x395 ./drivers/fsl_i2c.o
 .debug_abbrev  0x00002452      0x358 ./drivers/fsl_uart.o
 .debug_abbrev  0x000027aa      0x170 ./device/system_MK64F12.o
 .debug_abbrev  0x0000291a      0x1fb ./component/uart/fsl_adapter_uart.o
 .debug_abbrev  0x00002b15      0x26f ./component/serial_manager/fsl_component_serial_manager.o
 .debug_abbrev  0x00002d84      0x1a0 ./component/serial_manager/fsl_component_serial_port_uart.o
 .debug_abbrev  0x00002f24      0x120 ./board/board.o
 .debug_abbrev  0x00003044      0x265 ./board/clock_config.o
 .debug_abbrev  0x000032a9       0x4b ./board/peripherals.o
 .debug_abbrev  0x000032f4      0x2d5 ./board/pin_mux.o

.debug_aranges  0x00000000     0x1448
 .debug_aranges
                0x00000000       0x98 ./utilities/fsl_debug_console.o
 .debug_aranges
                0x00000098       0xb8 ./utilities/fsl_str.o
 .debug_aranges
                0x00000150      0x330 ./startup/startup_mk64f12.o
 .debug_aranges
                0x00000480       0x70 ./source/MK64F12_Project_can_example.o
 .debug_aranges
                0x000004f0       0x20 ./source/semihost_hardfault.o
 .debug_aranges