core_cm4.h:1679:22:__NVIC_EnableIRQ	16	static
fsl_clock.h:668:20:CLOCK_EnableClock	24	static
fsl_clock.h:679:20:CLOCK_DisableClock	24	static
fsl_common.h:747:28:EnableIRQ	24	static
fsl_flexcan.h:952:24:FLEXCAN_GetStatusFlags	16	static
fsl_flexcan.h:966:20:FLEXCAN_ClearStatusFlags	16	static
fsl_flexcan.h:1007:24:FLEXCAN_GetMbStatusFlags	16	static
fsl_flexcan.h:1029:20:FLEXCAN_ClearMbStatusFlags	16	static
fsl_flexcan.h:1098:20:FLEXCAN_EnableInterrupts	16	static
fsl_flexcan.h:1119:20:FLEXCAN_DisableInterrupts	16	static
fsl_flexcan.h:1142:20:FLEXCAN_EnableMbInterrupts	16	static
fsl_flexcan.h:1164:20:FLEXCAN_DisableMbInterrupts	16	static
fsl_flexcan.h:1252:20:FLEXCAN_Enable	16	static
fsl_flexcan.c:318:10:FLEXCAN_GetInstance	24	static
fsl_flexcan.c:467:6:FLEXCAN_EnterFreezeMode	16	static
fsl_flexcan.c:478:6:FLEXCAN_ExitFreezeMode	16	static
fsl_flexcan.c:497:13:FLEXCAN_IsMbOccupied	24	static
fsl_flexcan.c:556:13:FLEXCAN_IsMbIntEnabled	24	static
fsl_flexcan.c:578:13:FLEXCAN_Reset	24	static
fsl_flexcan.c:665:13:FLEXCAN_SetBaudRate	32	static
fsl_flexcan.c:764:6:FLEXCAN_Init	48	static
fsl_flexcan.c:986:6:FLEXCAN_Deinit	24	static
fsl_flexcan.c:1029:6:FLEXCAN_GetDefaultConfig	16	static
fsl_flexcan.c:1085:6:FLEXCAN_SetTimingConfig	16	static
fsl_flexcan.c:1248:6:FLEXCAN_SetRxMbGlobalMask	16	static
fsl_flexcan.c:1270:6:FLEXCAN_SetRxFifoGlobalMask	16	static
fsl_flexcan.c:1296:6:FLEXCAN_SetRxIndividualMask	24	static
fsl_flexcan.c:1322:6:FLEXCAN_SetTxMbConfig	16	static
fsl_flexcan.c:1355:13:FLEXCAN_GetSegments	40	static
fsl_flexcan.c:1421:6:FLEXCAN_CalculateImprovedTimingValues	40	static
fsl_flexcan.c:1867:6:FLEXCAN_SetRxMbConfig	32	static
fsl_flexcan.c:1987:6:FLEXCAN_SetRxFifoConfig	40	static
fsl_flexcan.c:2216:10:FLEXCAN_WriteTxMb	32	static
fsl_flexcan.c:2389:10:FLEXCAN_ReadRxMb	40	static
fsl_flexcan.c:2564:10:FLEXCAN_ReadRxFifo	24	static
fsl_flexcan.c:2627:10:FLEXCAN_TransferSendBlocking	32	static
fsl_flexcan.c:2676:10:FLEXCAN_TransferReceiveBlocking	32	static
fsl_flexcan.c:2798:10:FLEXCAN_TransferReceiveFifoBlocking	24	static
fsl_flexcan.c:2828:6:FLEXCAN_TransferCreateHandle	32	static
fsl_flexcan.c:2893:10:FLEXCAN_TransferSendNonBlocking	32	static
fsl_flexcan.c:2957:10:FLEXCAN_TransferReceiveNonBlocking	32	static
fsl_flexcan.c:3127:10:FLEXCAN_TransferReceiveFifoNonBlocking	32	static
fsl_flexcan.c:3168:6:FLEXCAN_TransferAbortSend	32	static
fsl_flexcan.c:3284:6:FLEXCAN_TransferAbortReceive	32	static
fsl_flexcan.c:3315:6:FLEXCAN_TransferAbortReceiveFifo	16	static
fsl_flexcan.c:3352:10:FLEXCAN_GetTimeStamp	16	static
fsl_flexcan.c:3360:13:FLEXCAN_CheckUnhandleInterruptEvents	48	static
fsl_flexcan.c:3389:17:FLEXCAN_SubHandlerForDataTransfered	48	static
fsl_flexcan.c:3552:6:FLEXCAN_TransferHandleIRQ	48	static
fsl_flexcan.c:3597:6:CAN0_DriverIRQHandler	8	static
